{
  "Issues": [
    {
      "Id": "S3776",
      "Message": "Refactor this accessor to reduce its Cognitive Complexity from 22 to the 3 allowed.",
      "Uri": "https://github.com/SonarSource/sonar-dotnet/blob/master/analyzers/its/Projects/CSharpLatest/CSharpLatest/CSharp9Features/S3776.cs#L10",
      "Location": "Line 10 Position 9-13"
    },
    {
      "Id": "S3776",
      "Message": "Refactor this method to reduce its Cognitive Complexity from 21 to the 15 allowed.",
      "Uri": "https://github.com/SonarSource/sonar-dotnet/blob/master/analyzers/its/Projects/CSharpLatest/CSharpLatest/CSharp9Features/S3776.cs#L23",
      "Location": "Line 23 Position 10-49"
    }
  ]
}