{
  "Issues": [
    {
      "Id": "S112",
      "Message": "\u0027System.Exception\u0027 should not be thrown by user code.",
      "Uri": "https://github.com/SonarSource/sonar-dotnet/blob/master/analyzers/its/Projects/Nancy/src/Nancy.Testing/PassThroughStatusHandler.cs#L23",
      "Location": "Line 23 Position 19-94"
    }
  ]
}