{
  "Issues": [
    {
      "Id": "S2386",
      "Message": "Use an immutable collection or reduce the accessibility of the public static field \u0027RootNamespaces\u0027.",
      "Uri": "https://github.com/SonarSource/sonar-dotnet/blob/master/analyzers/its/Projects/Nancy/src/Nancy/ViewEngines/ResourceViewLocationProvider.cs#L20",
      "Location": "Line 20 Position 32-61"
    },
    {
      "Id": "S2386",
      "Message": "Use an immutable collection or reduce the accessibility of the public static field \u0027Ignore\u0027.",
      "Uri": "https://github.com/SonarSource/sonar-dotnet/blob/master/analyzers/its/Projects/Nancy/src/Nancy/ViewEngines/ResourceViewLocationProvider.cs#L25",
      "Location": "Line 25 Position 32-47"
    }
  ]
}