{
  "Issues": [
    {
      "Id": "S3240",
      "Message": "Use the \u0027??\u0027 operator here.",
      "Uri": "https://github.com/SonarSource/sonar-dotnet/blob/master/analyzers/its/Projects/Nancy/src/Nancy.Testing/BrowserContextExtensions.cs#L56",
      "Location": "Line 56 Position 13-15"
    },
    {
      "Id": "S3240",
      "Message": "Use the \u0027??\u0027 operator here.",
      "Uri": "https://github.com/SonarSource/sonar-dotnet/blob/master/analyzers/its/Projects/Nancy/src/Nancy.Testing/BrowserContextExtensions.cs#L78",
      "Location": "Line 78 Position 13-15"
    },
    {
      "Id": "S3240",
      "Message": "Use the \u0027??\u0027 operator here.",
      "Uri": "https://github.com/SonarSource/sonar-dotnet/blob/master/analyzers/its/Projects/Nancy/src/Nancy.Testing/BrowserResponseBodyWrapper.cs#L67",
      "Location": "Line 67 Position 17-19"
    }
  ]
}