{
  "Issues": [
    {
      "Id": "S3267",
      "Message": "Loop should be simplified by calling Select(moduleRegistrationType =\u003E moduleRegistrationType.ModuleType))",
      "Uri": "https://github.com/SonarSource/sonar-dotnet/blob/master/analyzers/its/Projects/Nancy/src/Nancy.Testing/ConfigurableBootstrapper.cs#L540",
      "Location": "Line 540 Position 52-75"
    }
  ]
}