{
  "Issues": [
    {
      "Id": "S109",
      "Message": "Assign this magic number \u002715\u0027 to a well-named variable or constant, and use that instead.",
      "Uri": "https://github.com/SonarSource/sonar-dotnet/blob/master/analyzers/its/Projects/akka.net/src/core/Akka.MultiNodeTestRunner.Shared/Persistence/TimelineItemFactory.cs#L48",
      "Location": "Line 48 Position 63-65"
    }
  ]
}