{
  "Issues": [
    {
      "Id": "S1118",
      "Message": "Add a \u0027protected\u0027 constructor or the \u0027static\u0027 keyword to the class declaration.",
      "Uri": "https://github.com/SonarSource/sonar-dotnet/blob/master/analyzers/its/Projects/akka.net/src/core/Akka/Configuration/ConfigurationFactory.cs#L22",
      "Location": "Line 22 Position 18-38"
    },
    {
      "Id": "S1118",
      "Message": "Add a \u0027protected\u0027 constructor or the \u0027static\u0027 keyword to the class declaration.",
      "Uri": "https://github.com/SonarSource/sonar-dotnet/blob/master/analyzers/its/Projects/akka.net/src/core/Akka/IO/Tcp.cs#L1105",
      "Location": "Line 1105 Position 18-28"
    }
  ]
}