{
  "Issues": [
    {
      "Id": "S1128",
      "Message": "Remove this unnecessary \u0027using\u0027.",
      "Uri": "https://github.com/SonarSource/sonar-dotnet/blob/master/analyzers/its/Projects/akka.net/src/core/Akka.TestKit/ActorCellKeepingSynchronizationContext.cs#L10",
      "Location": "Line 10 Position 1-19"
    },
    {
      "Id": "S1128",
      "Message": "Remove this unnecessary \u0027using\u0027.",
      "Uri": "https://github.com/SonarSource/sonar-dotnet/blob/master/analyzers/its/Projects/akka.net/src/core/Akka.TestKit/ActorCellKeepingSynchronizationContext.cs#L11",
      "Location": "Line 11 Position 1-19"
    },
    {
      "Id": "S1128",
      "Message": "Remove this unnecessary \u0027using\u0027.",
      "Uri": "https://github.com/SonarSource/sonar-dotnet/blob/master/analyzers/its/Projects/akka.net/src/core/Akka.TestKit/ActorCellKeepingSynchronizationContext.cs#L9",
      "Location": "Line 9 Position 1-34"
    },
    {
      "Id": "S1128",
      "Message": "Remove this unnecessary \u0027using\u0027.",
      "Uri": "https://github.com/SonarSource/sonar-dotnet/blob/master/analyzers/its/Projects/akka.net/src/core/Akka.TestKit/CallingThreadDispatcher.cs#L8",
      "Location": "Line 8 Position 1-14"
    },
    {
      "Id": "S1128",
      "Message": "Remove this unnecessary \u0027using\u0027.",
      "Uri": "https://github.com/SonarSource/sonar-dotnet/blob/master/analyzers/its/Projects/akka.net/src/core/Akka.TestKit/Internal/InternalTestActorRef.cs#L12",
      "Location": "Line 12 Position 1-28"
    },
    {
      "Id": "S1128",
      "Message": "Remove this unnecessary \u0027using\u0027.",
      "Uri": "https://github.com/SonarSource/sonar-dotnet/blob/master/analyzers/its/Projects/akka.net/src/core/Akka.TestKit/Properties/AssemblyInfo.cs#L8",
      "Location": "Line 8 Position 1-25"
    },
    {
      "Id": "S1128",
      "Message": "Remove this unnecessary \u0027using\u0027.",
      "Uri": "https://github.com/SonarSource/sonar-dotnet/blob/master/analyzers/its/Projects/akka.net/src/core/Akka.TestKit/TestActorRefBase.cs#L11",
      "Location": "Line 11 Position 1-21"
    },
    {
      "Id": "S1128",
      "Message": "Remove this unnecessary \u0027using\u0027.",
      "Uri": "https://github.com/SonarSource/sonar-dotnet/blob/master/analyzers/its/Projects/akka.net/src/core/Akka.TestKit/TestBreaker.cs#L10",
      "Location": "Line 10 Position 1-36"
    },
    {
      "Id": "S1128",
      "Message": "Remove this unnecessary \u0027using\u0027.",
      "Uri": "https://github.com/SonarSource/sonar-dotnet/blob/master/analyzers/its/Projects/akka.net/src/core/Akka.TestKit/TestBreaker.cs#L12",
      "Location": "Line 12 Position 1-30"
    },
    {
      "Id": "S1128",
      "Message": "Remove this unnecessary \u0027using\u0027.",
      "Uri": "https://github.com/SonarSource/sonar-dotnet/blob/master/analyzers/its/Projects/akka.net/src/core/Akka.TestKit/TestBreaker.cs#L8",
      "Location": "Line 8 Position 1-14"
    },
    {
      "Id": "S1128",
      "Message": "Remove this unnecessary \u0027using\u0027.",
      "Uri": "https://github.com/SonarSource/sonar-dotnet/blob/master/analyzers/its/Projects/akka.net/src/core/Akka.TestKit/TestBreaker.cs#L9",
      "Location": "Line 9 Position 1-19"
    },
    {
      "Id": "S1128",
      "Message": "Remove this unnecessary \u0027using\u0027.",
      "Uri": "https://github.com/SonarSource/sonar-dotnet/blob/master/analyzers/its/Projects/akka.net/src/core/Akka.TestKit/TestKitBase.cs#L16",
      "Location": "Line 16 Position 1-20"
    },
    {
      "Id": "S1128",
      "Message": "Remove this unnecessary \u0027using\u0027.",
      "Uri": "https://github.com/SonarSource/sonar-dotnet/blob/master/analyzers/its/Projects/akka.net/src/core/Akka.TestKit/TestLatch.cs#L11",
      "Location": "Line 11 Position 1-18"
    }
  ]
}