{
  "Issues": [
    {
      "Id": "S1134",
      "Message": "Take the required action to fix the issue indicated by this \u0027FIXME\u0027 comment.",
      "Uri": "https://github.com/SonarSource/sonar-dotnet/blob/master/analyzers/its/Projects/akka.net/src/core/Akka.Remote/Endpoint.cs#L1367",
      "Location": "Line 1367 Position 12-17"
    },
    {
      "Id": "S1134",
      "Message": "Take the required action to fix the issue indicated by this \u0027FIXME\u0027 comment.",
      "Uri": "https://github.com/SonarSource/sonar-dotnet/blob/master/analyzers/its/Projects/akka.net/src/core/Akka.Remote/Endpoint.cs#L1579",
      "Location": "Line 1579 Position 20-25"
    }
  ]
}