{
  "Issues": [
    {
      "Id": "S1206",
      "Message": "This class overrides \u0027Equals\u0027 and should therefore also override \u0027GetHashCode\u0027.",
      "Uri": "https://github.com/SonarSource/sonar-dotnet/blob/master/analyzers/its/Projects/akka.net/src/core/Akka.Streams/ActorMaterializer.cs#L302",
      "Location": "Line 302 Position 25-50"
    },
    {
      "Id": "S1206",
      "Message": "This class overrides \u0027Equals\u0027 and should therefore also override \u0027GetHashCode\u0027.",
      "Uri": "https://github.com/SonarSource/sonar-dotnet/blob/master/analyzers/its/Projects/akka.net/src/core/Akka.Streams/Attributes.cs#L201",
      "Location": "Line 201 Position 29-42"
    }
  ]
}