{
  "Issues": [
    {
      "Id": "S121",
      "Message": "Add curly braces around the nested statement(s) in this \u0027if\u0027 block.",
      "Uri": "https://github.com/SonarSource/sonar-dotnet/blob/master/analyzers/its/Projects/akka.net/src/contrib/persistence/Akka.Persistence.Query.Sql/AllEventsPublisher.cs#L112",
      "Location": "Line 112 Position 21-23"
    },
    {
      "Id": "S121",
      "Message": "Add curly braces around the nested statement(s) in this \u0027if\u0027 block.",
      "Uri": "https://github.com/SonarSource/sonar-dotnet/blob/master/analyzers/its/Projects/akka.net/src/contrib/persistence/Akka.Persistence.Query.Sql/AllEventsPublisher.cs#L176",
      "Location": "Line 176 Position 13-15"
    },
    {
      "Id": "S121",
      "Message": "Add curly braces around the nested statement(s) in this \u0027if\u0027 block.",
      "Uri": "https://github.com/SonarSource/sonar-dotnet/blob/master/analyzers/its/Projects/akka.net/src/contrib/persistence/Akka.Persistence.Query.Sql/AllEventsPublisher.cs#L183",
      "Location": "Line 183 Position 13-15"
    },
    {
      "Id": "S121",
      "Message": "Add curly braces around the nested statement(s) in this \u0027if\u0027 block.",
      "Uri": "https://github.com/SonarSource/sonar-dotnet/blob/master/analyzers/its/Projects/akka.net/src/contrib/persistence/Akka.Persistence.Query.Sql/AllEventsPublisher.cs#L207",
      "Location": "Line 207 Position 13-15"
    },
    {
      "Id": "S121",
      "Message": "Add curly braces around the nested statement(s) in this \u0027else\u0027 block.",
      "Uri": "https://github.com/SonarSource/sonar-dotnet/blob/master/analyzers/its/Projects/akka.net/src/contrib/persistence/Akka.Persistence.Query.Sql/AllEventsPublisher.cs#L209",
      "Location": "Line 209 Position 13-17"
    },
    {
      "Id": "S121",
      "Message": "Add curly braces around the nested statement(s) in this \u0027if\u0027 block.",
      "Uri": "https://github.com/SonarSource/sonar-dotnet/blob/master/analyzers/its/Projects/akka.net/src/contrib/persistence/Akka.Persistence.Query.Sql/AllEventsPublisher.cs#L217",
      "Location": "Line 217 Position 13-15"
    },
    {
      "Id": "S121",
      "Message": "Add curly braces around the nested statement(s) in this \u0027if\u0027 block.",
      "Uri": "https://github.com/SonarSource/sonar-dotnet/blob/master/analyzers/its/Projects/akka.net/src/contrib/persistence/Akka.Persistence.Query.Sql/AllEventsPublisher.cs#L220",
      "Location": "Line 220 Position 13-15"
    },
    {
      "Id": "S121",
      "Message": "Add curly braces around the nested statement(s) in this \u0027else\u0027 block.",
      "Uri": "https://github.com/SonarSource/sonar-dotnet/blob/master/analyzers/its/Projects/akka.net/src/contrib/persistence/Akka.Persistence.Query.Sql/AllEventsPublisher.cs#L222",
      "Location": "Line 222 Position 13-17"
    },
    {
      "Id": "S121",
      "Message": "Add curly braces around the nested statement(s) in this \u0027if\u0027 block.",
      "Uri": "https://github.com/SonarSource/sonar-dotnet/blob/master/analyzers/its/Projects/akka.net/src/contrib/persistence/Akka.Persistence.Query.Sql/AllEventsPublisher.cs#L85",
      "Location": "Line 85 Position 21-23"
    },
    {
      "Id": "S121",
      "Message": "Add curly braces around the nested statement(s) in this \u0027if\u0027 block.",
      "Uri": "https://github.com/SonarSource/sonar-dotnet/blob/master/analyzers/its/Projects/akka.net/src/contrib/persistence/Akka.Persistence.Query.Sql/AllPersistenceIdsPublisher.cs#L82",
      "Location": "Line 82 Position 21-23"
    },
    {
      "Id": "S121",
      "Message": "Add curly braces around the nested statement(s) in this \u0027for\u0027 block.",
      "Uri": "https://github.com/SonarSource/sonar-dotnet/blob/master/analyzers/its/Projects/akka.net/src/contrib/persistence/Akka.Persistence.Query.Sql/DeliveryBuffer.cs#L49",
      "Location": "Line 49 Position 21-24"
    },
    {
      "Id": "S121",
      "Message": "Add curly braces around the nested statement(s) in this \u0027foreach\u0027 block.",
      "Uri": "https://github.com/SonarSource/sonar-dotnet/blob/master/analyzers/its/Projects/akka.net/src/contrib/persistence/Akka.Persistence.Query.Sql/DeliveryBuffer.cs#L56",
      "Location": "Line 56 Position 21-28"
    },
    {
      "Id": "S121",
      "Message": "Add curly braces around the nested statement(s) in this \u0027if\u0027 block.",
      "Uri": "https://github.com/SonarSource/sonar-dotnet/blob/master/analyzers/its/Projects/akka.net/src/contrib/persistence/Akka.Persistence.Query.Sql/EventsByPersistenceIdPublisher.cs#L166",
      "Location": "Line 166 Position 13-15"
    },
    {
      "Id": "S121",
      "Message": "Add curly braces around the nested statement(s) in this \u0027if\u0027 block.",
      "Uri": "https://github.com/SonarSource/sonar-dotnet/blob/master/analyzers/its/Projects/akka.net/src/contrib/persistence/Akka.Persistence.Query.Sql/EventsByPersistenceIdPublisher.cs#L173",
      "Location": "Line 173 Position 13-15"
    },
    {
      "Id": "S121",
      "Message": "Add curly braces around the nested statement(s) in this \u0027if\u0027 block.",
      "Uri": "https://github.com/SonarSource/sonar-dotnet/blob/master/analyzers/its/Projects/akka.net/src/contrib/persistence/Akka.Persistence.Query.Sql/EventsByPersistenceIdPublisher.cs#L195",
      "Location": "Line 195 Position 13-15"
    },
    {
      "Id": "S121",
      "Message": "Add curly braces around the nested statement(s) in this \u0027else\u0027 block.",
      "Uri": "https://github.com/SonarSource/sonar-dotnet/blob/master/analyzers/its/Projects/akka.net/src/contrib/persistence/Akka.Persistence.Query.Sql/EventsByPersistenceIdPublisher.cs#L197",
      "Location": "Line 197 Position 13-17"
    },
    {
      "Id": "S121",
      "Message": "Add curly braces around the nested statement(s) in this \u0027if\u0027 block.",
      "Uri": "https://github.com/SonarSource/sonar-dotnet/blob/master/analyzers/its/Projects/akka.net/src/contrib/persistence/Akka.Persistence.Query.Sql/EventsByPersistenceIdPublisher.cs#L204",
      "Location": "Line 204 Position 13-15"
    },
    {
      "Id": "S121",
      "Message": "Add curly braces around the nested statement(s) in this \u0027if\u0027 block.",
      "Uri": "https://github.com/SonarSource/sonar-dotnet/blob/master/analyzers/its/Projects/akka.net/src/contrib/persistence/Akka.Persistence.Query.Sql/EventsByPersistenceIdPublisher.cs#L206",
      "Location": "Line 206 Position 13-15"
    },
    {
      "Id": "S121",
      "Message": "Add curly braces around the nested statement(s) in this \u0027else\u0027 block.",
      "Uri": "https://github.com/SonarSource/sonar-dotnet/blob/master/analyzers/its/Projects/akka.net/src/contrib/persistence/Akka.Persistence.Query.Sql/EventsByPersistenceIdPublisher.cs#L208",
      "Location": "Line 208 Position 13-17"
    },
    {
      "Id": "S121",
      "Message": "Add curly braces around the nested statement(s) in this \u0027if\u0027 block.",
      "Uri": "https://github.com/SonarSource/sonar-dotnet/blob/master/analyzers/its/Projects/akka.net/src/contrib/persistence/Akka.Persistence.Query.Sql/EventsByPersistenceIdPublisher.cs#L88",
      "Location": "Line 88 Position 21-23"
    },
    {
      "Id": "S121",
      "Message": "Add curly braces around the nested statement(s) in this \u0027if\u0027 block.",
      "Uri": "https://github.com/SonarSource/sonar-dotnet/blob/master/analyzers/its/Projects/akka.net/src/contrib/persistence/Akka.Persistence.Query.Sql/EventsByPersistenceIdPublisher.cs#L92",
      "Location": "Line 92 Position 21-23"
    },
    {
      "Id": "S121",
      "Message": "Add curly braces around the nested statement(s) in this \u0027if\u0027 block.",
      "Uri": "https://github.com/SonarSource/sonar-dotnet/blob/master/analyzers/its/Projects/akka.net/src/contrib/persistence/Akka.Persistence.Query.Sql/EventsByTagPublisher.cs#L154",
      "Location": "Line 154 Position 13-15"
    },
    {
      "Id": "S121",
      "Message": "Add curly braces around the nested statement(s) in this \u0027if\u0027 block.",
      "Uri": "https://github.com/SonarSource/sonar-dotnet/blob/master/analyzers/its/Projects/akka.net/src/contrib/persistence/Akka.Persistence.Query.Sql/EventsByTagPublisher.cs#L161",
      "Location": "Line 161 Position 13-15"
    },
    {
      "Id": "S121",
      "Message": "Add curly braces around the nested statement(s) in this \u0027if\u0027 block.",
      "Uri": "https://github.com/SonarSource/sonar-dotnet/blob/master/analyzers/its/Projects/akka.net/src/contrib/persistence/Akka.Persistence.Query.Sql/EventsByTagPublisher.cs#L186",
      "Location": "Line 186 Position 13-15"
    },
    {
      "Id": "S121",
      "Message": "Add curly braces around the nested statement(s) in this \u0027else\u0027 block.",
      "Uri": "https://github.com/SonarSource/sonar-dotnet/blob/master/analyzers/its/Projects/akka.net/src/contrib/persistence/Akka.Persistence.Query.Sql/EventsByTagPublisher.cs#L188",
      "Location": "Line 188 Position 13-17"
    },
    {
      "Id": "S121",
      "Message": "Add curly braces around the nested statement(s) in this \u0027if\u0027 block.",
      "Uri": "https://github.com/SonarSource/sonar-dotnet/blob/master/analyzers/its/Projects/akka.net/src/contrib/persistence/Akka.Persistence.Query.Sql/EventsByTagPublisher.cs#L195",
      "Location": "Line 195 Position 13-15"
    },
    {
      "Id": "S121",
      "Message": "Add curly braces around the nested statement(s) in this \u0027if\u0027 block.",
      "Uri": "https://github.com/SonarSource/sonar-dotnet/blob/master/analyzers/its/Projects/akka.net/src/contrib/persistence/Akka.Persistence.Query.Sql/EventsByTagPublisher.cs#L198",
      "Location": "Line 198 Position 13-15"
    },
    {
      "Id": "S121",
      "Message": "Add curly braces around the nested statement(s) in this \u0027else\u0027 block.",
      "Uri": "https://github.com/SonarSource/sonar-dotnet/blob/master/analyzers/its/Projects/akka.net/src/contrib/persistence/Akka.Persistence.Query.Sql/EventsByTagPublisher.cs#L200",
      "Location": "Line 200 Position 13-17"
    },
    {
      "Id": "S121",
      "Message": "Add curly braces around the nested statement(s) in this \u0027if\u0027 block.",
      "Uri": "https://github.com/SonarSource/sonar-dotnet/blob/master/analyzers/its/Projects/akka.net/src/contrib/persistence/Akka.Persistence.Query.Sql/EventsByTagPublisher.cs#L75",
      "Location": "Line 75 Position 17-19"
    },
    {
      "Id": "S121",
      "Message": "Add curly braces around the nested statement(s) in this \u0027if\u0027 block.",
      "Uri": "https://github.com/SonarSource/sonar-dotnet/blob/master/analyzers/its/Projects/akka.net/src/contrib/persistence/Akka.Persistence.Query.Sql/EventsByTagPublisher.cs#L79",
      "Location": "Line 79 Position 17-19"
    }
  ]
}