{
  "Issues": [
    {
      "Id": "S1227",
      "Message": "Refactor the code in order to remove this break statement.",
      "Uri": "https://github.com/SonarSource/sonar-dotnet/blob/master/analyzers/its/Projects/akka.net/src/contrib/persistence/Akka.Persistence.Sql.Common/Journal/BatchingSqlJournal.cs#L1419",
      "Location": "Line 1419 Position 25-31"
    },
    {
      "Id": "S1227",
      "Message": "Refactor the code in order to remove this break statement.",
      "Uri": "https://github.com/SonarSource/sonar-dotnet/blob/master/analyzers/its/Projects/akka.net/src/contrib/persistence/Akka.Persistence.Sql.Common/Journal/BatchingSqlJournal.cs#L1428",
      "Location": "Line 1428 Position 25-31"
    }
  ]
}