{
  "Issues": [
    {
      "Id": "S122",
      "Message": "Reformat the code to have only one statement per line.",
      "Uri": "https://github.com/SonarSource/sonar-dotnet/blob/master/analyzers/its/Projects/akka.net/src/core/Akka.MultiNodeTestRunner.Shared/Persistence/JsonPersistentTestRunStore.cs#L63",
      "Location": "Line 63 Position 13-71"
    },
    {
      "Id": "S122",
      "Message": "Reformat the code to have only one statement per line.",
      "Uri": "https://github.com/SonarSource/sonar-dotnet/blob/master/analyzers/its/Projects/akka.net/src/core/Akka.MultiNodeTestRunner.Shared/Persistence/JsonPersistentTestRunStore.cs#L64",
      "Location": "Line 64 Position 13-115"
    },
    {
      "Id": "S122",
      "Message": "Reformat the code to have only one statement per line.",
      "Uri": "https://github.com/SonarSource/sonar-dotnet/blob/master/analyzers/its/Projects/akka.net/src/core/Akka.MultiNodeTestRunner.Shared/Persistence/JsonPersistentTestRunStore.cs#L84",
      "Location": "Line 84 Position 13-115"
    },
    {
      "Id": "S122",
      "Message": "Reformat the code to have only one statement per line.",
      "Uri": "https://github.com/SonarSource/sonar-dotnet/blob/master/analyzers/its/Projects/akka.net/src/core/Akka.MultiNodeTestRunner.Shared/Persistence/JsonPersistentTestRunStore.cs#L88",
      "Location": "Line 88 Position 13-61"
    },
    {
      "Id": "S122",
      "Message": "Reformat the code to have only one statement per line.",
      "Uri": "https://github.com/SonarSource/sonar-dotnet/blob/master/analyzers/its/Projects/akka.net/src/core/Akka.MultiNodeTestRunner.Shared/Reporting/MultiNodeMessage.cs#L60",
      "Location": "Line 60 Position 13-35"
    },
    {
      "Id": "S122",
      "Message": "Reformat the code to have only one statement per line.",
      "Uri": "https://github.com/SonarSource/sonar-dotnet/blob/master/analyzers/its/Projects/akka.net/src/core/Akka.MultiNodeTestRunner.Shared/Reporting/MultiNodeMessage.cs#L62",
      "Location": "Line 62 Position 13-34"
    },
    {
      "Id": "S122",
      "Message": "Reformat the code to have only one statement per line.",
      "Uri": "https://github.com/SonarSource/sonar-dotnet/blob/master/analyzers/its/Projects/akka.net/src/core/Akka.MultiNodeTestRunner.Shared/Reporting/MultiNodeMessage.cs#L64",
      "Location": "Line 64 Position 13-36"
    },
    {
      "Id": "S122",
      "Message": "Reformat the code to have only one statement per line.",
      "Uri": "https://github.com/SonarSource/sonar-dotnet/blob/master/analyzers/its/Projects/akka.net/src/core/Akka.MultiNodeTestRunner.Shared/Reporting/MultiNodeMessage.cs#L66",
      "Location": "Line 66 Position 13-36"
    },
    {
      "Id": "S122",
      "Message": "Reformat the code to have only one statement per line.",
      "Uri": "https://github.com/SonarSource/sonar-dotnet/blob/master/analyzers/its/Projects/akka.net/src/core/Akka.MultiNodeTestRunner.Shared/Reporting/MultiNodeMessage.cs#L91",
      "Location": "Line 91 Position 13-58"
    },
    {
      "Id": "S122",
      "Message": "Reformat the code to have only one statement per line.",
      "Uri": "https://github.com/SonarSource/sonar-dotnet/blob/master/analyzers/its/Projects/akka.net/src/core/Akka.MultiNodeTestRunner.Shared/Reporting/MultiNodeMessage.cs#L92",
      "Location": "Line 92 Position 13-57"
    },
    {
      "Id": "S122",
      "Message": "Reformat the code to have only one statement per line.",
      "Uri": "https://github.com/SonarSource/sonar-dotnet/blob/master/analyzers/its/Projects/akka.net/src/core/Akka.MultiNodeTestRunner.Shared/Reporting/MultiNodeMessage.cs#L93",
      "Location": "Line 93 Position 13-58"
    },
    {
      "Id": "S122",
      "Message": "Reformat the code to have only one statement per line.",
      "Uri": "https://github.com/SonarSource/sonar-dotnet/blob/master/analyzers/its/Projects/akka.net/src/core/Akka.MultiNodeTestRunner.Shared/Reporting/TestRunCoordinator.cs#L111",
      "Location": "Line 111 Position 17-58"
    },
    {
      "Id": "S122",
      "Message": "Reformat the code to have only one statement per line.",
      "Uri": "https://github.com/SonarSource/sonar-dotnet/blob/master/analyzers/its/Projects/akka.net/src/core/Akka.MultiNodeTestRunner.Shared/Reporting/TestRunCoordinator.cs#L150",
      "Location": "Line 150 Position 13-159"
    },
    {
      "Id": "S122",
      "Message": "Reformat the code to have only one statement per line.",
      "Uri": "https://github.com/SonarSource/sonar-dotnet/blob/master/analyzers/its/Projects/akka.net/src/core/Akka.MultiNodeTestRunner.Shared/Reporting/TestRunTree.cs#L108",
      "Location": "Line 108 Position 13-58"
    },
    {
      "Id": "S122",
      "Message": "Reformat the code to have only one statement per line.",
      "Uri": "https://github.com/SonarSource/sonar-dotnet/blob/master/analyzers/its/Projects/akka.net/src/core/Akka.MultiNodeTestRunner.Shared/Reporting/TestRunTree.cs#L109",
      "Location": "Line 109 Position 13-57"
    },
    {
      "Id": "S122",
      "Message": "Reformat the code to have only one statement per line.",
      "Uri": "https://github.com/SonarSource/sonar-dotnet/blob/master/analyzers/its/Projects/akka.net/src/core/Akka.MultiNodeTestRunner.Shared/Reporting/TestRunTree.cs#L110",
      "Location": "Line 110 Position 13-63"
    },
    {
      "Id": "S122",
      "Message": "Reformat the code to have only one statement per line.",
      "Uri": "https://github.com/SonarSource/sonar-dotnet/blob/master/analyzers/its/Projects/akka.net/src/core/Akka.MultiNodeTestRunner.Shared/Reporting/TestRunTree.cs#L249",
      "Location": "Line 249 Position 13-60"
    },
    {
      "Id": "S122",
      "Message": "Reformat the code to have only one statement per line.",
      "Uri": "https://github.com/SonarSource/sonar-dotnet/blob/master/analyzers/its/Projects/akka.net/src/core/Akka.MultiNodeTestRunner.Shared/Reporting/TestRunTree.cs#L250",
      "Location": "Line 250 Position 13-59"
    },
    {
      "Id": "S122",
      "Message": "Reformat the code to have only one statement per line.",
      "Uri": "https://github.com/SonarSource/sonar-dotnet/blob/master/analyzers/its/Projects/akka.net/src/core/Akka.MultiNodeTestRunner.Shared/Reporting/TestRunTree.cs#L262",
      "Location": "Line 262 Position 13-58"
    },
    {
      "Id": "S122",
      "Message": "Reformat the code to have only one statement per line.",
      "Uri": "https://github.com/SonarSource/sonar-dotnet/blob/master/analyzers/its/Projects/akka.net/src/core/Akka.MultiNodeTestRunner.Shared/Reporting/TestRunTree.cs#L263",
      "Location": "Line 263 Position 13-57"
    },
    {
      "Id": "S122",
      "Message": "Reformat the code to have only one statement per line.",
      "Uri": "https://github.com/SonarSource/sonar-dotnet/blob/master/analyzers/its/Projects/akka.net/src/core/Akka.MultiNodeTestRunner.Shared/Reporting/TestRunTree.cs#L264",
      "Location": "Line 264 Position 13-63"
    },
    {
      "Id": "S122",
      "Message": "Reformat the code to have only one statement per line.",
      "Uri": "https://github.com/SonarSource/sonar-dotnet/blob/master/analyzers/its/Projects/akka.net/src/core/Akka.MultiNodeTestRunner.Shared/Reporting/TestRunTree.cs#L394",
      "Location": "Line 394 Position 13-60"
    },
    {
      "Id": "S122",
      "Message": "Reformat the code to have only one statement per line.",
      "Uri": "https://github.com/SonarSource/sonar-dotnet/blob/master/analyzers/its/Projects/akka.net/src/core/Akka.MultiNodeTestRunner.Shared/Reporting/TestRunTree.cs#L395",
      "Location": "Line 395 Position 13-59"
    },
    {
      "Id": "S122",
      "Message": "Reformat the code to have only one statement per line.",
      "Uri": "https://github.com/SonarSource/sonar-dotnet/blob/master/analyzers/its/Projects/akka.net/src/core/Akka.MultiNodeTestRunner.Shared/Reporting/TestRunTree.cs#L407",
      "Location": "Line 407 Position 13-58"
    },
    {
      "Id": "S122",
      "Message": "Reformat the code to have only one statement per line.",
      "Uri": "https://github.com/SonarSource/sonar-dotnet/blob/master/analyzers/its/Projects/akka.net/src/core/Akka.MultiNodeTestRunner.Shared/Reporting/TestRunTree.cs#L408",
      "Location": "Line 408 Position 13-57"
    },
    {
      "Id": "S122",
      "Message": "Reformat the code to have only one statement per line.",
      "Uri": "https://github.com/SonarSource/sonar-dotnet/blob/master/analyzers/its/Projects/akka.net/src/core/Akka.MultiNodeTestRunner.Shared/Reporting/TestRunTree.cs#L409",
      "Location": "Line 409 Position 13-63"
    },
    {
      "Id": "S122",
      "Message": "Reformat the code to have only one statement per line.",
      "Uri": "https://github.com/SonarSource/sonar-dotnet/blob/master/analyzers/its/Projects/akka.net/src/core/Akka.MultiNodeTestRunner.Shared/Reporting/TestRunTree.cs#L96",
      "Location": "Line 96 Position 13-60"
    },
    {
      "Id": "S122",
      "Message": "Reformat the code to have only one statement per line.",
      "Uri": "https://github.com/SonarSource/sonar-dotnet/blob/master/analyzers/its/Projects/akka.net/src/core/Akka.MultiNodeTestRunner.Shared/Reporting/TestRunTree.cs#L97",
      "Location": "Line 97 Position 13-59"
    },
    {
      "Id": "S122",
      "Message": "Reformat the code to have only one statement per line.",
      "Uri": "https://github.com/SonarSource/sonar-dotnet/blob/master/analyzers/its/Projects/akka.net/src/core/Akka.MultiNodeTestRunner.Shared/Sinks/MessageSink.cs#L115",
      "Location": "Line 115 Position 13-96"
    },
    {
      "Id": "S122",
      "Message": "Reformat the code to have only one statement per line.",
      "Uri": "https://github.com/SonarSource/sonar-dotnet/blob/master/analyzers/its/Projects/akka.net/src/core/Akka.MultiNodeTestRunner.Shared/Sinks/MessageSink.cs#L124",
      "Location": "Line 124 Position 13-103"
    },
    {
      "Id": "S122",
      "Message": "Reformat the code to have only one statement per line.",
      "Uri": "https://github.com/SonarSource/sonar-dotnet/blob/master/analyzers/its/Projects/akka.net/src/core/Akka.MultiNodeTestRunner.Shared/Sinks/MessageSink.cs#L127",
      "Location": "Line 127 Position 13-101"
    },
    {
      "Id": "S122",
      "Message": "Reformat the code to have only one statement per line.",
      "Uri": "https://github.com/SonarSource/sonar-dotnet/blob/master/analyzers/its/Projects/akka.net/src/core/Akka.MultiNodeTestRunner.Shared/Sinks/MessageSink.cs#L173",
      "Location": "Line 173 Position 13-52"
    },
    {
      "Id": "S122",
      "Message": "Reformat the code to have only one statement per line.",
      "Uri": "https://github.com/SonarSource/sonar-dotnet/blob/master/analyzers/its/Projects/akka.net/src/core/Akka.MultiNodeTestRunner.Shared/Sinks/MessageSink.cs#L174",
      "Location": "Line 174 Position 13-86"
    },
    {
      "Id": "S122",
      "Message": "Reformat the code to have only one statement per line.",
      "Uri": "https://github.com/SonarSource/sonar-dotnet/blob/master/analyzers/its/Projects/akka.net/src/core/Akka.MultiNodeTestRunner.Shared/Sinks/MessageSink.cs#L189",
      "Location": "Line 189 Position 13-52"
    },
    {
      "Id": "S122",
      "Message": "Reformat the code to have only one statement per line.",
      "Uri": "https://github.com/SonarSource/sonar-dotnet/blob/master/analyzers/its/Projects/akka.net/src/core/Akka.MultiNodeTestRunner.Shared/Sinks/MessageSink.cs#L190",
      "Location": "Line 190 Position 13-86"
    },
    {
      "Id": "S122",
      "Message": "Reformat the code to have only one statement per line.",
      "Uri": "https://github.com/SonarSource/sonar-dotnet/blob/master/analyzers/its/Projects/akka.net/src/core/Akka.MultiNodeTestRunner.Shared/Sinks/MessageSink.cs#L205",
      "Location": "Line 205 Position 13-52"
    },
    {
      "Id": "S122",
      "Message": "Reformat the code to have only one statement per line.",
      "Uri": "https://github.com/SonarSource/sonar-dotnet/blob/master/analyzers/its/Projects/akka.net/src/core/Akka.MultiNodeTestRunner.Shared/Sinks/MessageSink.cs#L254",
      "Location": "Line 254 Position 17-163"
    },
    {
      "Id": "S122",
      "Message": "Reformat the code to have only one statement per line.",
      "Uri": "https://github.com/SonarSource/sonar-dotnet/blob/master/analyzers/its/Projects/akka.net/src/core/Akka.MultiNodeTestRunner.Shared/Sinks/MessageSink.cs#L260",
      "Location": "Line 260 Position 17-165"
    },
    {
      "Id": "S122",
      "Message": "Reformat the code to have only one statement per line.",
      "Uri": "https://github.com/SonarSource/sonar-dotnet/blob/master/analyzers/its/Projects/akka.net/src/core/Akka.MultiNodeTestRunner.Shared/Sinks/MessageSink.cs#L266",
      "Location": "Line 266 Position 17-165"
    },
    {
      "Id": "S122",
      "Message": "Reformat the code to have only one statement per line.",
      "Uri": "https://github.com/SonarSource/sonar-dotnet/blob/master/analyzers/its/Projects/akka.net/src/core/Akka.MultiNodeTestRunner.Shared/Sinks/MessageSink.cs#L272",
      "Location": "Line 272 Position 17-189"
    },
    {
      "Id": "S122",
      "Message": "Reformat the code to have only one statement per line.",
      "Uri": "https://github.com/SonarSource/sonar-dotnet/blob/master/analyzers/its/Projects/akka.net/src/core/Akka.MultiNodeTestRunner.Shared/Sinks/MessageSink.cs#L41",
      "Location": "Line 41 Position 13-43"
    },
    {
      "Id": "S122",
      "Message": "Reformat the code to have only one statement per line.",
      "Uri": "https://github.com/SonarSource/sonar-dotnet/blob/master/analyzers/its/Projects/akka.net/src/core/Akka.MultiNodeTestRunner.Shared/Sinks/MessageSink.cs#L60",
      "Location": "Line 60 Position 13-74"
    },
    {
      "Id": "S122",
      "Message": "Reformat the code to have only one statement per line.",
      "Uri": "https://github.com/SonarSource/sonar-dotnet/blob/master/analyzers/its/Projects/akka.net/src/core/Akka.MultiNodeTestRunner.Shared/Sinks/SinkCoordinator.cs#L141",
      "Location": "Line 141 Position 17-65"
    },
    {
      "Id": "S122",
      "Message": "Reformat the code to have only one statement per line.",
      "Uri": "https://github.com/SonarSource/sonar-dotnet/blob/master/analyzers/its/Projects/akka.net/src/core/Akka.MultiNodeTestRunner.Shared/Sinks/TimelineLogCollectorActor.cs#L157",
      "Location": "Line 157 Position 17-64"
    },
    {
      "Id": "S122",
      "Message": "Reformat the code to have only one statement per line.",
      "Uri": "https://github.com/SonarSource/sonar-dotnet/blob/master/analyzers/its/Projects/akka.net/src/core/Akka.MultiNodeTestRunner.Shared/Sinks/TimelineLogCollectorActor.cs#L158",
      "Location": "Line 158 Position 17-63"
    },
    {
      "Id": "S122",
      "Message": "Reformat the code to have only one statement per line.",
      "Uri": "https://github.com/SonarSource/sonar-dotnet/blob/master/analyzers/its/Projects/akka.net/src/core/Akka.MultiNodeTestRunner.Shared/Sinks/TimelineLogCollectorActor.cs#L165",
      "Location": "Line 165 Position 17-62"
    },
    {
      "Id": "S122",
      "Message": "Reformat the code to have only one statement per line.",
      "Uri": "https://github.com/SonarSource/sonar-dotnet/blob/master/analyzers/its/Projects/akka.net/src/core/Akka.MultiNodeTestRunner.Shared/Sinks/TimelineLogCollectorActor.cs#L166",
      "Location": "Line 166 Position 17-61"
    },
    {
      "Id": "S122",
      "Message": "Reformat the code to have only one statement per line.",
      "Uri": "https://github.com/SonarSource/sonar-dotnet/blob/master/analyzers/its/Projects/akka.net/src/core/Akka.MultiNodeTestRunner.Shared/Sinks/TimelineLogCollectorActor.cs#L167",
      "Location": "Line 167 Position 17-67"
    }
  ]
}