{
  "Issues": [
    {
      "Id": "S138",
      "Message": "This method \u0027Main\u0027 has 81 lines, which is greater than the 80 lines authorized. Split it into smaller methods.",
      "Uri": "https://github.com/SonarSource/sonar-dotnet/blob/master/analyzers/its/Projects/akka.net/src/core/Akka.NodeTestRunner/Program.cs#L37",
      "Location": "Line 37 Position 20-24"
    }
  ]
}