{
  "Issues": [
    {
      "Id": "S1451",
      "Message": "Add or update the header of this file.",
      "Uri": "https://github.com/SonarSource/sonar-dotnet/blob/master/analyzers/its/Projects/akka.net/src/core/Akka.Streams.TestKit/Properties/AssemblyInfo.cs#L1",
      "Location": "Line 1 Position 1-1"
    },
    {
      "Id": "S1451",
      "Message": "Add or update the header of this file.",
      "Uri": "https://github.com/SonarSource/sonar-dotnet/blob/master/analyzers/its/Projects/akka.net/src/core/Akka.Streams.TestKit/StreamTestKit.cs#L1",
      "Location": "Line 1 Position 1-1"
    },
    {
      "Id": "S1451",
      "Message": "Add or update the header of this file.",
      "Uri": "https://github.com/SonarSource/sonar-dotnet/blob/master/analyzers/its/Projects/akka.net/src/core/Akka.Streams.TestKit/TestGraphStage.cs#L1",
      "Location": "Line 1 Position 1-1"
    },
    {
      "Id": "S1451",
      "Message": "Add or update the header of this file.",
      "Uri": "https://github.com/SonarSource/sonar-dotnet/blob/master/analyzers/its/Projects/akka.net/src/core/Akka.Streams.TestKit/TestPublisher.cs#L1",
      "Location": "Line 1 Position 1-1"
    },
    {
      "Id": "S1451",
      "Message": "Add or update the header of this file.",
      "Uri": "https://github.com/SonarSource/sonar-dotnet/blob/master/analyzers/its/Projects/akka.net/src/core/Akka.Streams.TestKit/TestSink.cs#L1",
      "Location": "Line 1 Position 1-1"
    },
    {
      "Id": "S1451",
      "Message": "Add or update the header of this file.",
      "Uri": "https://github.com/SonarSource/sonar-dotnet/blob/master/analyzers/its/Projects/akka.net/src/core/Akka.Streams.TestKit/TestSource.cs#L1",
      "Location": "Line 1 Position 1-1"
    },
    {
      "Id": "S1451",
      "Message": "Add or update the header of this file.",
      "Uri": "https://github.com/SonarSource/sonar-dotnet/blob/master/analyzers/its/Projects/akka.net/src/core/Akka.Streams.TestKit/TestSubscriber.cs#L1",
      "Location": "Line 1 Position 1-1"
    },
    {
      "Id": "S1451",
      "Message": "Add or update the header of this file.",
      "Uri": "https://github.com/SonarSource/sonar-dotnet/blob/master/analyzers/its/Projects/akka.net/src/core/Akka.Streams.TestKit/TestUtils.cs#L1",
      "Location": "Line 1 Position 1-1"
    }
  ]
}