{
  "Issues": [
    {
      "Id": "S1541",
      "Message": "The Cyclomatic Complexity of this method is 14 which is greater than 10 authorized.",
      "Uri": "https://github.com/SonarSource/sonar-dotnet/blob/master/analyzers/its/Projects/akka.net/src/core/Akka.Remote/Endpoint.cs#L1528",
      "Location": "Line 1528 Position 22-42"
    },
    {
      "Id": "S1541",
      "Message": "The Cyclomatic Complexity of this method is 24 which is greater than 10 authorized.",
      "Uri": "https://github.com/SonarSource/sonar-dotnet/blob/master/analyzers/its/Projects/akka.net/src/core/Akka.Remote/Endpoint.cs#L81",
      "Location": "Line 81 Position 21-29"
    },
    {
      "Id": "S1541",
      "Message": "The Cyclomatic Complexity of this method is 33 which is greater than 10 authorized.",
      "Uri": "https://github.com/SonarSource/sonar-dotnet/blob/master/analyzers/its/Projects/akka.net/src/core/Akka.Remote/EndpointManager.cs#L705",
      "Location": "Line 705 Position 24-33"
    },
    {
      "Id": "S1541",
      "Message": "The Cyclomatic Complexity of this method is 11 which is greater than 10 authorized.",
      "Uri": "https://github.com/SonarSource/sonar-dotnet/blob/master/analyzers/its/Projects/akka.net/src/core/Akka.Remote/RemoteSystemDaemon.cs#L120",
      "Location": "Line 120 Position 33-45"
    },
    {
      "Id": "S1541",
      "Message": "The Cyclomatic Complexity of this method is 20 which is greater than 10 authorized.",
      "Uri": "https://github.com/SonarSource/sonar-dotnet/blob/master/analyzers/its/Projects/akka.net/src/core/Akka.Remote/Serialization/MiscMessageSerializer.cs#L112",
      "Location": "Line 112 Position 32-42"
    },
    {
      "Id": "S1541",
      "Message": "The Cyclomatic Complexity of this method is 20 which is greater than 10 authorized.",
      "Uri": "https://github.com/SonarSource/sonar-dotnet/blob/master/analyzers/its/Projects/akka.net/src/core/Akka.Remote/Serialization/MiscMessageSerializer.cs#L60",
      "Location": "Line 60 Position 32-40"
    },
    {
      "Id": "S1541",
      "Message": "The Cyclomatic Complexity of this method is 20 which is greater than 10 authorized.",
      "Uri": "https://github.com/SonarSource/sonar-dotnet/blob/master/analyzers/its/Projects/akka.net/src/core/Akka.Remote/Serialization/MiscMessageSerializer.cs#L86",
      "Location": "Line 86 Position 32-40"
    },
    {
      "Id": "S1541",
      "Message": "The Cyclomatic Complexity of this method is 12 which is greater than 10 authorized.",
      "Uri": "https://github.com/SonarSource/sonar-dotnet/blob/master/analyzers/its/Projects/akka.net/src/core/Akka.Remote/Serialization/SystemMessageSerializer.cs#L40",
      "Location": "Line 40 Position 32-40"
    },
    {
      "Id": "S1541",
      "Message": "The Cyclomatic Complexity of this method is 11 which is greater than 10 authorized.",
      "Uri": "https://github.com/SonarSource/sonar-dotnet/blob/master/analyzers/its/Projects/akka.net/src/core/Akka.Remote/Serialization/SystemMessageSerializer.cs#L58",
      "Location": "Line 58 Position 32-42"
    },
    {
      "Id": "S1541",
      "Message": "The Cyclomatic Complexity of this method is 15 which is greater than 10 authorized.",
      "Uri": "https://github.com/SonarSource/sonar-dotnet/blob/master/analyzers/its/Projects/akka.net/src/core/Akka.Remote/Transport/AkkaProtocolTransport.cs#L832",
      "Location": "Line 832 Position 22-35"
    },
    {
      "Id": "S1541",
      "Message": "The Cyclomatic Complexity of this method is 14 which is greater than 10 authorized.",
      "Uri": "https://github.com/SonarSource/sonar-dotnet/blob/master/analyzers/its/Projects/akka.net/src/core/Akka.Remote/Transport/DotNetty/DotNettyTransportSettings.cs#L57",
      "Location": "Line 57 Position 49-55"
    },
    {
      "Id": "S1541",
      "Message": "The Cyclomatic Complexity of this method is 26 which is greater than 10 authorized.",
      "Uri": "https://github.com/SonarSource/sonar-dotnet/blob/master/analyzers/its/Projects/akka.net/src/core/Akka.Remote/Transport/ThrottleTransportAdapter.cs#L1102",
      "Location": "Line 1102 Position 22-35"
    },
    {
      "Id": "S1541",
      "Message": "The Cyclomatic Complexity of this method is 16 which is greater than 10 authorized.",
      "Uri": "https://github.com/SonarSource/sonar-dotnet/blob/master/analyzers/its/Projects/akka.net/src/core/Akka.Remote/Transport/ThrottleTransportAdapter.cs#L359",
      "Location": "Line 359 Position 33-38"
    }
  ]
}