{
  "Issues": [
    {
      "Id": "S2325",
      "Message": "Make \u0027ForceRestart\u0027 a static method.",
      "Uri": "https://github.com/SonarSource/sonar-dotnet/blob/master/analyzers/its/Projects/akka.net/src/contrib/dependencyinjection/Akka.DI.TestKit/DiResolverSpec.cs#L90",
      "Location": "Line 90 Position 26-38"
    }
  ]
}