{
  "Issues": [
    {
      "Id": "S3776",
      "Message": "Refactor this method to reduce its Cognitive Complexity from 17 to the 15 allowed.",
      "Uri": "https://github.com/SonarSource/sonar-dotnet/blob/master/analyzers/its/Projects/akka.net/src/core/Akka.Persistence/Eventsourced.Recovery.cs#L392",
      "Location": "Line 392 Position 22-51"
    },
    {
      "Id": "S3776",
      "Message": "Refactor this method to reduce its Cognitive Complexity from 17 to the 15 allowed.",
      "Uri": "https://github.com/SonarSource/sonar-dotnet/blob/master/analyzers/its/Projects/akka.net/src/core/Akka.Persistence/Eventsourced.Recovery.cs#L64",
      "Location": "Line 64 Position 35-50"
    },
    {
      "Id": "S3776",
      "Message": "Refactor this method to reduce its Cognitive Complexity from 20 to the 15 allowed.",
      "Uri": "https://github.com/SonarSource/sonar-dotnet/blob/master/analyzers/its/Projects/akka.net/src/core/Akka.Persistence/Fsm/PersistentFSM.cs#L98",
      "Location": "Line 98 Position 33-43"
    },
    {
      "Id": "S3776",
      "Message": "Refactor this method to reduce its Cognitive Complexity from 18 to the 15 allowed.",
      "Uri": "https://github.com/SonarSource/sonar-dotnet/blob/master/analyzers/its/Projects/akka.net/src/core/Akka.Persistence/Fsm/PersistentFSMBase.cs#L429",
      "Location": "Line 429 Position 33-47"
    },
    {
      "Id": "S3776",
      "Message": "Refactor this method to reduce its Cognitive Complexity from 42 to the 15 allowed.",
      "Uri": "https://github.com/SonarSource/sonar-dotnet/blob/master/analyzers/its/Projects/akka.net/src/core/Akka.Persistence/Journal/AsyncWriteJournal.cs#L238",
      "Location": "Line 238 Position 22-42"
    },
    {
      "Id": "S3776",
      "Message": "Refactor this method to reduce its Cognitive Complexity from 37 to the 15 allowed.",
      "Uri": "https://github.com/SonarSource/sonar-dotnet/blob/master/analyzers/its/Projects/akka.net/src/core/Akka.Persistence/Journal/AsyncWriteJournal.cs#L322",
      "Location": "Line 322 Position 22-41"
    },
    {
      "Id": "S3776",
      "Message": "Refactor this method to reduce its Cognitive Complexity from 23 to the 15 allowed.",
      "Uri": "https://github.com/SonarSource/sonar-dotnet/blob/master/analyzers/its/Projects/akka.net/src/core/Akka.Persistence/Journal/PersistencePluginProxy.cs#L133",
      "Location": "Line 133 Position 33-41"
    },
    {
      "Id": "S3776",
      "Message": "Refactor this method to reduce its Cognitive Complexity from 36 to the 15 allowed.",
      "Uri": "https://github.com/SonarSource/sonar-dotnet/blob/master/analyzers/its/Projects/akka.net/src/core/Akka.Persistence/Journal/PersistencePluginProxy.cs#L292",
      "Location": "Line 292 Position 25-37"
    },
    {
      "Id": "S3776",
      "Message": "Refactor this method to reduce its Cognitive Complexity from 50 to the 15 allowed.",
      "Uri": "https://github.com/SonarSource/sonar-dotnet/blob/master/analyzers/its/Projects/akka.net/src/core/Akka.Persistence/Journal/ReplayFilter.cs#L132",
      "Location": "Line 132 Position 33-40"
    },
    {
      "Id": "S3776",
      "Message": "Refactor this method to reduce its Cognitive Complexity from 54 to the 15 allowed.",
      "Uri": "https://github.com/SonarSource/sonar-dotnet/blob/master/analyzers/its/Projects/akka.net/src/core/Akka.Persistence/Snapshot/SnapshotStore.cs#L53",
      "Location": "Line 53 Position 22-42"
    }
  ]
}