{
  "Issues": [
    {
      "Id": "S3881",
      "Message": "Fix this implementation of \u0027IDisposable\u0027 to conform to the dispose pattern.",
      "Uri": "https://github.com/SonarSource/sonar-dotnet/blob/master/analyzers/its/Projects/akka.net/src/core/Akka.MultiNodeTestRunner/Discovery.cs#L23",
      "Location": "Line 23 Position 18-27"
    }
  ]
}