{
  "Issues": [
    {
      "Id": "S3900",
      "Message": "Refactor this method to add validation of parameter \u0027config\u0027 before using it.",
      "Uri": "https://github.com/SonarSource/sonar-dotnet/blob/master/analyzers/its/Projects/akka.net/src/core/Akka.Coordination/TimeoutSettings.cs#L28",
      "Location": "Line 28 Position 36-42"
    }
  ]
}