{
  "Issues": [
    {
      "Id": "S4027",
      "Message": "Implement the missing constructors for this exception.",
      "Uri": "https://github.com/SonarSource/sonar-dotnet/blob/master/analyzers/its/Projects/akka.net/src/contrib/cluster/Akka.Cluster.Tools/Singleton/ClusterSingletonManager.cs#L520",
      "Location": "Line 520 Position 25-64"
    }
  ]
}