{
  "Issues": [
    {
      "Id": "S4040",
      "Message": "Change this normalization to \u0027ToUpperInvariant()\u0027.",
      "Uri": "https://github.com/SonarSource/sonar-dotnet/blob/master/analyzers/its/Projects/akka.net/src/contrib/cluster/Akka.Cluster.Sharding/ClusterShardingSettings.cs#L278",
      "Location": "Line 278 Position 84-100"
    }
  ]
}