{
  "Issues": [
    {
      "Id": "S4056",
      "Message": "Use the overload that takes a \u0027CultureInfo\u0027 or \u0027IFormatProvider\u0027 parameter.",
      "Uri": "https://github.com/SonarSource/sonar-dotnet/blob/master/analyzers/its/Projects/akka.net/src/core/Akka.Streams.TestKit/TestSubscriber.cs#L513",
      "Location": "Line 513 Position 53-80"
    },
    {
      "Id": "S4056",
      "Message": "Use the overload that takes a \u0027CultureInfo\u0027 or \u0027IFormatProvider\u0027 parameter.",
      "Uri": "https://github.com/SonarSource/sonar-dotnet/blob/master/analyzers/its/Projects/akka.net/src/core/Akka.Streams.TestKit/TestSubscriber.cs#L518",
      "Location": "Line 518 Position 55-82"
    },
    {
      "Id": "S4056",
      "Message": "Use the overload that takes a \u0027CultureInfo\u0027 or \u0027IFormatProvider\u0027 parameter.",
      "Uri": "https://github.com/SonarSource/sonar-dotnet/blob/master/analyzers/its/Projects/akka.net/src/core/Akka.Streams.TestKit/TestSubscriber.cs#L523",
      "Location": "Line 523 Position 56-83"
    }
  ]
}