{
  "Issues": [
    {
      "Id": "S6562",
      "Message": "Provide the \u0022DateTimeKind\u0022 when creating this object.",
      "Uri": "https://github.com/SonarSource/sonar-dotnet/blob/master/analyzers/its/Projects/akka.net/src/core/Akka.MultiNodeTestRunner.Shared/Persistence/TimelineItemFactory.cs#L38",
      "Location": "Line 38 Position 73-101"
    },
    {
      "Id": "S6562",
      "Message": "Provide the \u0022DateTimeKind\u0022 when creating this object.",
      "Uri": "https://github.com/SonarSource/sonar-dotnet/blob/master/analyzers/its/Projects/akka.net/src/core/Akka.MultiNodeTestRunner.Shared/Persistence/TimelineItemFactory.cs#L48",
      "Location": "Line 48 Position 84-112"
    },
    {
      "Id": "S6562",
      "Message": "Provide the \u0022DateTimeKind\u0022 when creating this object.",
      "Uri": "https://github.com/SonarSource/sonar-dotnet/blob/master/analyzers/its/Projects/akka.net/src/core/Akka.MultiNodeTestRunner.Shared/Persistence/VisualizerRuntimeTemplate.Tree.cs#L100",
      "Location": "Line 100 Position 38-71"
    },
    {
      "Id": "S6562",
      "Message": "Provide the \u0022DateTimeKind\u0022 when creating this object.",
      "Uri": "https://github.com/SonarSource/sonar-dotnet/blob/master/analyzers/its/Projects/akka.net/src/core/Akka.MultiNodeTestRunner.Shared/Persistence/VisualizerRuntimeTemplate.Tree.cs#L101",
      "Location": "Line 101 Position 38-70"
    },
    {
      "Id": "S6562",
      "Message": "Provide the \u0022DateTimeKind\u0022 when creating this object.",
      "Uri": "https://github.com/SonarSource/sonar-dotnet/blob/master/analyzers/its/Projects/akka.net/src/core/Akka.MultiNodeTestRunner.Shared/Reporting/TestRunTree.cs#L196",
      "Location": "Line 196 Position 45-72"
    },
    {
      "Id": "S6562",
      "Message": "Provide the \u0022DateTimeKind\u0022 when creating this object.",
      "Uri": "https://github.com/SonarSource/sonar-dotnet/blob/master/analyzers/its/Projects/akka.net/src/core/Akka.MultiNodeTestRunner.Shared/Reporting/TestRunTree.cs#L196",
      "Location": "Line 196 Position 94-117"
    },
    {
      "Id": "S6562",
      "Message": "Provide the \u0022DateTimeKind\u0022 when creating this object.",
      "Uri": "https://github.com/SonarSource/sonar-dotnet/blob/master/analyzers/its/Projects/akka.net/src/core/Akka.MultiNodeTestRunner.Shared/Reporting/TestRunTree.cs#L350",
      "Location": "Line 350 Position 45-72"
    },
    {
      "Id": "S6562",
      "Message": "Provide the \u0022DateTimeKind\u0022 when creating this object.",
      "Uri": "https://github.com/SonarSource/sonar-dotnet/blob/master/analyzers/its/Projects/akka.net/src/core/Akka.MultiNodeTestRunner.Shared/Reporting/TestRunTree.cs#L350",
      "Location": "Line 350 Position 94-117"
    },
    {
      "Id": "S6562",
      "Message": "Provide the \u0022DateTimeKind\u0022 when creating this object.",
      "Uri": "https://github.com/SonarSource/sonar-dotnet/blob/master/analyzers/its/Projects/akka.net/src/core/Akka.MultiNodeTestRunner.Shared/Reporting/TestRunTree.cs#L61",
      "Location": "Line 61 Position 45-72"
    },
    {
      "Id": "S6562",
      "Message": "Provide the \u0022DateTimeKind\u0022 when creating this object.",
      "Uri": "https://github.com/SonarSource/sonar-dotnet/blob/master/analyzers/its/Projects/akka.net/src/core/Akka.MultiNodeTestRunner.Shared/Reporting/TestRunTree.cs#L61",
      "Location": "Line 61 Position 94-117"
    }
  ]
}