{
  "Issues": [
    {
      "Id": "S101",
      "Message": "Rename this class to match the regular expression: \u0027^([A-Z]{1,3}[a-z0-9]\u002B)*([A-Z]{2})?$\u0027.",
      "Uri": "https://github.com/SonarSource/sonar-dotnet/blob/master/analyzers/its/Projects/Ember-MM/Addons/multi.Compatibility/frmBoxee.vb#L3",
      "Location": "Line 3 Position 14-22"
    },
    {
      "Id": "S101",
      "Message": "Rename this class to match the regular expression: \u0027^([A-Z]{1,3}[a-z0-9]\u002B)*([A-Z]{2})?$\u0027.",
      "Uri": "https://github.com/SonarSource/sonar-dotnet/blob/master/analyzers/its/Projects/Ember-MM/Addons/multi.Compatibility/frmMediaBrowser.vb#L23",
      "Location": "Line 23 Position 14-29"
    },
    {
      "Id": "S101",
      "Message": "Rename this class to match the regular expression: \u0027^([A-Z]{1,3}[a-z0-9]\u002B)*([A-Z]{2})?$\u0027.",
      "Uri": "https://github.com/SonarSource/sonar-dotnet/blob/master/analyzers/its/Projects/Ember-MM/Addons/multi.Compatibility/frmYAMJ.vb#L23",
      "Location": "Line 23 Position 14-21"
    },
    {
      "Id": "S101",
      "Message": "Rename this class to match the regular expression: \u0027^([A-Z]{1,3}[a-z0-9]\u002B)*([A-Z]{2})?$\u0027.",
      "Uri": "https://github.com/SonarSource/sonar-dotnet/blob/master/analyzers/its/Projects/Ember-MM/Addons/multi.Compatibility/genericBoxee.vb#L4",
      "Location": "Line 4 Position 14-26"
    },
    {
      "Id": "S101",
      "Message": "Rename this class to match the regular expression: \u0027^([A-Z]{1,3}[a-z0-9]\u002B)*([A-Z]{2})?$\u0027.",
      "Uri": "https://github.com/SonarSource/sonar-dotnet/blob/master/analyzers/its/Projects/Ember-MM/Addons/multi.Compatibility/genericMediaBrowser.vb#L6",
      "Location": "Line 6 Position 14-33"
    },
    {
      "Id": "S101",
      "Message": "Rename this class to match the regular expression: \u0027^([A-Z]{1,3}[a-z0-9]\u002B)*([A-Z]{2})?$\u0027.",
      "Uri": "https://github.com/SonarSource/sonar-dotnet/blob/master/analyzers/its/Projects/Ember-MM/Addons/multi.Compatibility/genericYAMJ.vb#L4",
      "Location": "Line 4 Position 14-25"
    }
  ]
}