{
  "Issues": [
    {
      "Id": "S105",
      "Message": "Replace all tab characters in this file by sequences of white-spaces.",
      "Uri": "https://github.com/SonarSource/sonar-dotnet/blob/master/analyzers/its/Projects/Ember-MM/Addons/generic.EmberCore.MovieExport/Module.MovieExporter.vb#L30",
      "Location": "Line 30 Position 1-1"
    }
  ]
}