{
  "Issues": [
    {
      "Id": "S1125",
      "Message": "Remove the unnecessary Boolean literal(s).",
      "Uri": "https://github.com/SonarSource/sonar-dotnet/blob/master/analyzers/its/Projects/Ember-MM/Addons/scraper.EmberCore/scraperMovieNativeModule.vb#L326",
      "Location": "Line 326 Position 319-330"
    },
    {
      "Id": "S1125",
      "Message": "Remove the unnecessary Boolean literal(s).",
      "Uri": "https://github.com/SonarSource/sonar-dotnet/blob/master/analyzers/its/Projects/Ember-MM/Addons/scraper.EmberCore/scraperMovieNativeModule.vb#L359",
      "Location": "Line 359 Position 341-352"
    }
  ]
}