{
  "Issues": [
    {
      "Id": "S1192",
      "Message": "Define a constant instead of using this literal \u0027\u003C$MCOUNT\u003E\u0027 4 times.",
      "Uri": "https://github.com/SonarSource/sonar-dotnet/blob/master/analyzers/its/Projects/Ember-MM/Addons/generic.EmberCore.WebServer/Server/clsWebContent.vb#L111",
      "Location": "Line 111 Position 41-52"
    },
    {
      "Id": "S1192",
      "Message": "Define a constant instead of using this literal \u0027\u003C$MFIRSTID\u003E\u0027 4 times.",
      "Uri": "https://github.com/SonarSource/sonar-dotnet/blob/master/analyzers/its/Projects/Ember-MM/Addons/generic.EmberCore.WebServer/Server/clsWebContent.vb#L117",
      "Location": "Line 117 Position 41-54"
    },
    {
      "Id": "S1192",
      "Message": "Define a constant instead of using this literal \u0027\u003C$MSOURCE\u003E\u0027 4 times.",
      "Uri": "https://github.com/SonarSource/sonar-dotnet/blob/master/analyzers/its/Projects/Ember-MM/Addons/generic.EmberCore.WebServer/Server/clsWebContent.vb#L139",
      "Location": "Line 139 Position 82-94"
    },
    {
      "Id": "S1192",
      "Message": "Define a constant instead of using this literal \u0027Error\u0027 8 times.",
      "Uri": "https://github.com/SonarSource/sonar-dotnet/blob/master/analyzers/its/Projects/Ember-MM/Addons/generic.EmberCore.WebServer/Server/clsWebContent.vb#L17",
      "Location": "Line 17 Position 68-75"
    },
    {
      "Id": "S1192",
      "Message": "Define a constant instead of using this literal \u0027\u003C$MFLAG_ATYPE\u003E\u0027 5 times.",
      "Uri": "https://github.com/SonarSource/sonar-dotnet/blob/master/analyzers/its/Projects/Ember-MM/Addons/generic.EmberCore.WebServer/Server/clsWebContent.vb#L198",
      "Location": "Line 198 Position 102-118"
    },
    {
      "Id": "S1192",
      "Message": "Define a constant instead of using this literal \u0027\u003C$MFLAG_VTYPE\u003E\u0027 5 times.",
      "Uri": "https://github.com/SonarSource/sonar-dotnet/blob/master/analyzers/its/Projects/Ember-MM/Addons/generic.EmberCore.WebServer/Server/clsWebContent.vb#L198",
      "Location": "Line 198 Position 120-136"
    },
    {
      "Id": "S1192",
      "Message": "Define a constant instead of using this literal \u0027\u003C$MFLAG_VSOURCE\u003E\u0027 5 times.",
      "Uri": "https://github.com/SonarSource/sonar-dotnet/blob/master/analyzers/its/Projects/Ember-MM/Addons/generic.EmberCore.WebServer/Server/clsWebContent.vb#L198",
      "Location": "Line 198 Position 138-156"
    },
    {
      "Id": "S1192",
      "Message": "Define a constant instead of using this literal \u0027\u003C$MFLAG_VRES\u003E\u0027 5 times.",
      "Uri": "https://github.com/SonarSource/sonar-dotnet/blob/master/analyzers/its/Projects/Ember-MM/Addons/generic.EmberCore.WebServer/Server/clsWebContent.vb#L198",
      "Location": "Line 198 Position 158-173"
    },
    {
      "Id": "S1192",
      "Message": "Define a constant instead of using this literal \u0027\u003C$MFLAG_ACHAN\u003E\u0027 5 times.",
      "Uri": "https://github.com/SonarSource/sonar-dotnet/blob/master/analyzers/its/Projects/Ember-MM/Addons/generic.EmberCore.WebServer/Server/clsWebContent.vb#L198",
      "Location": "Line 198 Position 84-100"
    },
    {
      "Id": "S1192",
      "Message": "Define a constant instead of using this literal \u0027Unknown\u0027 4 times.",
      "Uri": "https://github.com/SonarSource/sonar-dotnet/blob/master/analyzers/its/Projects/Ember-MM/Addons/generic.EmberCore.WebServer/Server/clsWebContent.vb#L209",
      "Location": "Line 209 Position 149-158"
    },
    {
      "Id": "S1192",
      "Message": "Define a constant instead of using this literal \u0027status\u0027 5 times.",
      "Uri": "https://github.com/SonarSource/sonar-dotnet/blob/master/analyzers/its/Projects/Ember-MM/Addons/generic.EmberCore.WebServer/Server/clsWebContent.vb#L244",
      "Location": "Line 244 Position 56-64"
    },
    {
      "Id": "S1192",
      "Message": "Define a constant instead of using this literal \u0027\u003C$ESOURCE\u003EImages/Flags/\u0027 10 times.",
      "Uri": "https://github.com/SonarSource/sonar-dotnet/blob/master/analyzers/its/Projects/Ember-MM/Addons/generic.EmberCore.WebServer/Server/clsWebContent.vb#L327",
      "Location": "Line 327 Position 68-93"
    }
  ]
}