{
  "Issues": [
    {
      "Id": "S1481",
      "Message": "Remove the unused local variable \u0027uni\u0027.",
      "Uri": "https://github.com/SonarSource/sonar-dotnet/blob/master/analyzers/its/Projects/Ember-MM/Addons/generic.EmberCore.MovieExport/dlgExportMovies.vb#L238",
      "Location": "Line 238 Position 21-24"
    },
    {
      "Id": "S1481",
      "Message": "Remove the unused local variable \u0027oFile\u0027.",
      "Uri": "https://github.com/SonarSource/sonar-dotnet/blob/master/analyzers/its/Projects/Ember-MM/Addons/generic.EmberCore.MovieExport/dlgExportMovies.vb#L673",
      "Location": "Line 673 Position 21-26"
    }
  ]
}