{
  "Issues": [
    {
      "Id": "S1645",
      "Message": "Switch this use of the \u0027\u002B\u0027 operator to the \u0027\u0026\u0027.",
      "Uri": "https://github.com/SonarSource/sonar-dotnet/blob/master/analyzers/its/Projects/Ember-MM/Addons/generic.EmberCore.MovieExport/dlgExportMovies.vb#L122",
      "Location": "Line 122 Position 86-87"
    },
    {
      "Id": "S1645",
      "Message": "Switch this use of the \u0027\u002B\u0027 operator to the \u0027\u0026\u0027.",
      "Uri": "https://github.com/SonarSource/sonar-dotnet/blob/master/analyzers/its/Projects/Ember-MM/Addons/generic.EmberCore.MovieExport/dlgExportMovies.vb#L91",
      "Location": "Line 91 Position 63-64"
    }
  ]
}