{
  "Issues": [
    {
      "Id": "S1821",
      "Message": "Refactor the code to eliminate this nested \u0027Select Case\u0027.",
      "Uri": "https://github.com/SonarSource/sonar-dotnet/blob/master/analyzers/its/Projects/Ember-MM/Ember%20Media%20Manager/frmMain.vb#L5787",
      "Location": "Line 5787 Position 17-48"
    },
    {
      "Id": "S1821",
      "Message": "Refactor the code to eliminate this nested \u0027Select Case\u0027.",
      "Uri": "https://github.com/SonarSource/sonar-dotnet/blob/master/analyzers/its/Projects/Ember-MM/Ember%20Media%20Manager/frmMain.vb#L5792",
      "Location": "Line 5792 Position 17-48"
    },
    {
      "Id": "S1821",
      "Message": "Refactor the code to eliminate this nested \u0027Select Case\u0027.",
      "Uri": "https://github.com/SonarSource/sonar-dotnet/blob/master/analyzers/its/Projects/Ember-MM/Ember%20Media%20Manager/frmMain.vb#L8790",
      "Location": "Line 8790 Position 17-38"
    },
    {
      "Id": "S1821",
      "Message": "Refactor the code to eliminate this nested \u0027Select Case\u0027.",
      "Uri": "https://github.com/SonarSource/sonar-dotnet/blob/master/analyzers/its/Projects/Ember-MM/Ember%20Media%20Manager/frmMain.vb#L8799",
      "Location": "Line 8799 Position 17-38"
    },
    {
      "Id": "S1821",
      "Message": "Refactor the code to eliminate this nested \u0027Select Case\u0027.",
      "Uri": "https://github.com/SonarSource/sonar-dotnet/blob/master/analyzers/its/Projects/Ember-MM/Ember%20Media%20Manager/frmMain.vb#L8834",
      "Location": "Line 8834 Position 17-47"
    }
  ]
}