{
  "Issues": [
    {
      "Id": "S1940",
      "Message": "Use the opposite operator (\u0027\u003C\u003E\u0027) instead.",
      "Uri": "https://github.com/SonarSource/sonar-dotnet/blob/master/analyzers/its/Projects/Ember-MM/Addons/scraper.EmberCore/Scraper/clsScrapeImages.vb#L197",
      "Location": "Line 197 Position 14-64"
    },
    {
      "Id": "S1940",
      "Message": "Use the opposite operator (\u0027\u003C\u003E\u0027) instead.",
      "Uri": "https://github.com/SonarSource/sonar-dotnet/blob/master/analyzers/its/Projects/Ember-MM/Addons/scraper.EmberCore/Scraper/clsScrapeImages.vb#L245",
      "Location": "Line 245 Position 14-64"
    },
    {
      "Id": "S1940",
      "Message": "Use the opposite operator (\u0027\u003C\u003E\u0027) instead.",
      "Uri": "https://github.com/SonarSource/sonar-dotnet/blob/master/analyzers/its/Projects/Ember-MM/Addons/scraper.EmberCore/Scraper/clsScrapeImages.vb#L878",
      "Location": "Line 878 Position 8-21"
    },
    {
      "Id": "S1940",
      "Message": "Use the opposite operator (\u0027\u003C\u003E\u0027) instead.",
      "Uri": "https://github.com/SonarSource/sonar-dotnet/blob/master/analyzers/its/Projects/Ember-MM/Addons/scraper.EmberCore/Scraper/clsScrapeIMDB.vb#L186",
      "Location": "Line 186 Position 67-106"
    },
    {
      "Id": "S1940",
      "Message": "Use the opposite operator (\u0027\u003C\u003E\u0027) instead.",
      "Uri": "https://github.com/SonarSource/sonar-dotnet/blob/master/analyzers/its/Projects/Ember-MM/Addons/scraper.EmberCore/Scraper/clsScrapeIMDB.vb#L230",
      "Location": "Line 230 Position 103-149"
    },
    {
      "Id": "S1940",
      "Message": "Use the opposite operator (\u0027\u003C\u003E\u0027) instead.",
      "Uri": "https://github.com/SonarSource/sonar-dotnet/blob/master/analyzers/its/Projects/Ember-MM/Addons/scraper.EmberCore/Scraper/clsScrapeIMDB.vb#L249",
      "Location": "Line 249 Position 24-51"
    },
    {
      "Id": "S1940",
      "Message": "Use the opposite operator (\u0027\u003E\u0027) instead.",
      "Uri": "https://github.com/SonarSource/sonar-dotnet/blob/master/analyzers/its/Projects/Ember-MM/Addons/scraper.EmberCore/Scraper/clsScrapeIMDB.vb#L365",
      "Location": "Line 365 Position 38-48"
    },
    {
      "Id": "S1940",
      "Message": "Use the opposite operator (\u0027\u003E\u0027) instead.",
      "Uri": "https://github.com/SonarSource/sonar-dotnet/blob/master/analyzers/its/Projects/Ember-MM/Addons/scraper.EmberCore/Scraper/clsScrapeIMDB.vb#L385",
      "Location": "Line 385 Position 38-48"
    },
    {
      "Id": "S1940",
      "Message": "Use the opposite operator (\u0027\u003C\u003E\u0027) instead.",
      "Uri": "https://github.com/SonarSource/sonar-dotnet/blob/master/analyzers/its/Projects/Ember-MM/Addons/scraper.EmberCore/Scraper/clsScrapeIMDB.vb#L514",
      "Location": "Line 514 Position 44-108"
    },
    {
      "Id": "S1940",
      "Message": "Use the opposite operator (\u0027\u003C\u003E\u0027) instead.",
      "Uri": "https://github.com/SonarSource/sonar-dotnet/blob/master/analyzers/its/Projects/Ember-MM/Addons/scraper.EmberCore/Scraper/clsScrapeIMDB.vb#L536",
      "Location": "Line 536 Position 39-101"
    },
    {
      "Id": "S1940",
      "Message": "Use the opposite operator (\u0027\u003C\u003E\u0027) instead.",
      "Uri": "https://github.com/SonarSource/sonar-dotnet/blob/master/analyzers/its/Projects/Ember-MM/Addons/scraper.EmberCore/Scraper/clsScrapeIMDB.vb#L537",
      "Location": "Line 537 Position 41-105"
    },
    {
      "Id": "S1940",
      "Message": "Use the opposite operator (\u0027\u003C\u003E\u0027) instead.",
      "Uri": "https://github.com/SonarSource/sonar-dotnet/blob/master/analyzers/its/Projects/Ember-MM/Addons/scraper.EmberCore/Scraper/clsScrapeIMDB.vb#L538",
      "Location": "Line 538 Position 41-102"
    },
    {
      "Id": "S1940",
      "Message": "Use the opposite operator (\u0027\u003C\u003E\u0027) instead.",
      "Uri": "https://github.com/SonarSource/sonar-dotnet/blob/master/analyzers/its/Projects/Ember-MM/Addons/scraper.EmberCore/Scraper/clsScrapeIMDB.vb#L627",
      "Location": "Line 627 Position 32-96"
    },
    {
      "Id": "S1940",
      "Message": "Use the opposite operator (\u0027\u003C\u003E\u0027) instead.",
      "Uri": "https://github.com/SonarSource/sonar-dotnet/blob/master/analyzers/its/Projects/Ember-MM/Addons/scraper.EmberCore/Scraper/clsScrapeIMDB.vb#L957",
      "Location": "Line 957 Position 32-41"
    },
    {
      "Id": "S1940",
      "Message": "Use the opposite operator (\u0027\u003C\u003E\u0027) instead.",
      "Uri": "https://github.com/SonarSource/sonar-dotnet/blob/master/analyzers/its/Projects/Ember-MM/Addons/scraper.EmberCore/Scraper/clsScrapeTMDB.vb#L154",
      "Location": "Line 154 Position 28-91"
    },
    {
      "Id": "S1940",
      "Message": "Use the opposite operator (\u0027\u003C\u003E\u0027) instead.",
      "Uri": "https://github.com/SonarSource/sonar-dotnet/blob/master/analyzers/its/Projects/Ember-MM/Addons/scraper.EmberCore/Scraper/clsScrapeTMDB.vb#L90",
      "Location": "Line 90 Position 24-97"
    },
    {
      "Id": "S1940",
      "Message": "Use the opposite operator (\u0027\u003C\u003E\u0027) instead.",
      "Uri": "https://github.com/SonarSource/sonar-dotnet/blob/master/analyzers/its/Projects/Ember-MM/Addons/scraper.EmberCore/Scraper/clsScrapeTrailers.vb#L74",
      "Location": "Line 74 Position 75-145"
    },
    {
      "Id": "S1940",
      "Message": "Use the opposite operator (\u0027\u003C\u003E\u0027) instead.",
      "Uri": "https://github.com/SonarSource/sonar-dotnet/blob/master/analyzers/its/Projects/Ember-MM/Addons/scraper.EmberCore/Scraper/clsScrapeTrailers.vb#L76",
      "Location": "Line 76 Position 80-151"
    },
    {
      "Id": "S1940",
      "Message": "Use the opposite operator (\u0027\u003C\u003E\u0027) instead.",
      "Uri": "https://github.com/SonarSource/sonar-dotnet/blob/master/analyzers/its/Projects/Ember-MM/Addons/scraper.EmberCore/Scraper/clsScrapeTrailers.vb#L78",
      "Location": "Line 78 Position 86-163"
    },
    {
      "Id": "S1940",
      "Message": "Use the opposite operator (\u0027\u003C\u003E\u0027) instead.",
      "Uri": "https://github.com/SonarSource/sonar-dotnet/blob/master/analyzers/its/Projects/Ember-MM/Addons/scraper.EmberCore/Scraper/clsScrapeTrailers.vb#L80",
      "Location": "Line 80 Position 87-165"
    },
    {
      "Id": "S1940",
      "Message": "Use the opposite operator (\u0027\u003C\u003E\u0027) instead.",
      "Uri": "https://github.com/SonarSource/sonar-dotnet/blob/master/analyzers/its/Projects/Ember-MM/Addons/scraper.EmberCore/Scraper/dlgIMDBSearchResults.vb#L402",
      "Location": "Line 402 Position 12-43"
    },
    {
      "Id": "S1940",
      "Message": "Use the opposite operator (\u0027\u003C\u003E\u0027) instead.",
      "Uri": "https://github.com/SonarSource/sonar-dotnet/blob/master/analyzers/its/Projects/Ember-MM/Addons/scraper.EmberCore/Scraper/dlgImgSelect.vb#L1057",
      "Location": "Line 1057 Position 149-182"
    },
    {
      "Id": "S1940",
      "Message": "Use the opposite operator (\u0027\u003C\u003E\u0027) instead.",
      "Uri": "https://github.com/SonarSource/sonar-dotnet/blob/master/analyzers/its/Projects/Ember-MM/Addons/scraper.EmberCore/Scraper/dlgImgSelect.vb#L931",
      "Location": "Line 931 Position 96-131"
    },
    {
      "Id": "S1940",
      "Message": "Use the opposite operator (\u0027\u003C\u003E\u0027) instead.",
      "Uri": "https://github.com/SonarSource/sonar-dotnet/blob/master/analyzers/its/Projects/Ember-MM/Addons/scraper.EmberCore/scraperMovieNativeModule.vb#L553",
      "Location": "Line 553 Position 20-66"
    },
    {
      "Id": "S1940",
      "Message": "Use the opposite operator (\u0027\u003C\u003E\u0027) instead.",
      "Uri": "https://github.com/SonarSource/sonar-dotnet/blob/master/analyzers/its/Projects/Ember-MM/Addons/scraper.EmberCore/scraperMovieNativeModule.vb#L616",
      "Location": "Line 616 Position 16-50"
    },
    {
      "Id": "S1940",
      "Message": "Use the opposite operator (\u0027\u003C\u003E\u0027) instead.",
      "Uri": "https://github.com/SonarSource/sonar-dotnet/blob/master/analyzers/its/Projects/Ember-MM/Addons/scraper.EmberCore/scraperMovieNativeModule.vb#L634",
      "Location": "Line 634 Position 16-50"
    },
    {
      "Id": "S1940",
      "Message": "Use the opposite operator (\u0027\u003C\u003E\u0027) instead.",
      "Uri": "https://github.com/SonarSource/sonar-dotnet/blob/master/analyzers/its/Projects/Ember-MM/Addons/scraper.EmberCore/TVScraper/clsScrapeTVDB.vb#L342",
      "Location": "Line 342 Position 75-100"
    },
    {
      "Id": "S1940",
      "Message": "Use the opposite operator (\u0027\u003C\u003E\u0027) instead.",
      "Uri": "https://github.com/SonarSource/sonar-dotnet/blob/master/analyzers/its/Projects/Ember-MM/Addons/scraper.EmberCore/TVScraper/clsScrapeTVDB.vb#L360",
      "Location": "Line 360 Position 71-145"
    }
  ]
}