{
  "Issues": [
    {
      "Id": "S2355",
      "Message": "Use an array literal here instead.",
      "Uri": "https://github.com/SonarSource/sonar-dotnet/blob/master/analyzers/its/Projects/Ember-MM/Addons/generic.EmberCore.BulkRename/Module.BulkRenamer.vb#L55",
      "Location": "Line 55 Position 55-204"
    }
  ]
}