{
  "Issues": [
    {
      "Id": "S2364",
      "Message": "Rename \u0027_ExactMatches\u0027 to match the regular expression: \u0027^(s_|_)?[a-z][a-z0-9]*([A-Z]{1,3}[a-z0-9]\u002B)*([A-Z]{2})?$\u0027.",
      "Uri": "https://github.com/SonarSource/sonar-dotnet/blob/master/analyzers/its/Projects/Ember-MM/Addons/scraper.EmberCore/Scraper/clsScrapeIMDB.vb#L34",
      "Location": "Line 34 Position 17-30"
    },
    {
      "Id": "S2364",
      "Message": "Rename \u0027_PartialMatches\u0027 to match the regular expression: \u0027^(s_|_)?[a-z][a-z0-9]*([A-Z]{1,3}[a-z0-9]\u002B)*([A-Z]{2})?$\u0027.",
      "Uri": "https://github.com/SonarSource/sonar-dotnet/blob/master/analyzers/its/Projects/Ember-MM/Addons/scraper.EmberCore/Scraper/clsScrapeIMDB.vb#L35",
      "Location": "Line 35 Position 17-32"
    },
    {
      "Id": "S2364",
      "Message": "Rename \u0027_PopularTitles\u0027 to match the regular expression: \u0027^(s_|_)?[a-z][a-z0-9]*([A-Z]{1,3}[a-z0-9]\u002B)*([A-Z]{2})?$\u0027.",
      "Uri": "https://github.com/SonarSource/sonar-dotnet/blob/master/analyzers/its/Projects/Ember-MM/Addons/scraper.EmberCore/Scraper/clsScrapeIMDB.vb#L36",
      "Location": "Line 36 Position 17-31"
    },
    {
      "Id": "S2364",
      "Message": "Rename \u0027OFDBMovie\u0027 to match the regular expression: \u0027^(s_|_)?[a-z][a-z0-9]*([A-Z]{1,3}[a-z0-9]\u002B)*([A-Z]{2})?$\u0027.",
      "Uri": "https://github.com/SonarSource/sonar-dotnet/blob/master/analyzers/its/Projects/Ember-MM/Addons/scraper.EmberCore/Scraper/clsScrapeOFDB.vb#L31",
      "Location": "Line 31 Position 13-22"
    },
    {
      "Id": "S2364",
      "Message": "Rename \u0027WebPage\u0027 to match the regular expression: \u0027^(s_|_)?[a-z][a-z0-9]*([A-Z]{1,3}[a-z0-9]\u002B)*([A-Z]{2})?$\u0027.",
      "Uri": "https://github.com/SonarSource/sonar-dotnet/blob/master/analyzers/its/Projects/Ember-MM/Addons/scraper.EmberCore/Scraper/clsScrapeTrailers.vb#L35",
      "Location": "Line 35 Position 13-20"
    },
    {
      "Id": "S2364",
      "Message": "Rename \u0027_ImdbID\u0027 to match the regular expression: \u0027^(s_|_)?[a-z][a-z0-9]*([A-Z]{1,3}[a-z0-9]\u002B)*([A-Z]{2})?$\u0027.",
      "Uri": "https://github.com/SonarSource/sonar-dotnet/blob/master/analyzers/its/Projects/Ember-MM/Addons/scraper.EmberCore/Scraper/clsScrapeTrailers.vb#L36",
      "Location": "Line 36 Position 13-20"
    },
    {
      "Id": "S2364",
      "Message": "Rename \u0027_ImdbTrailerPage\u0027 to match the regular expression: \u0027^(s_|_)?[a-z][a-z0-9]*([A-Z]{1,3}[a-z0-9]\u002B)*([A-Z]{2})?$\u0027.",
      "Uri": "https://github.com/SonarSource/sonar-dotnet/blob/master/analyzers/its/Projects/Ember-MM/Addons/scraper.EmberCore/Scraper/clsScrapeTrailers.vb#L37",
      "Location": "Line 37 Position 13-29"
    },
    {
      "Id": "S2364",
      "Message": "Rename \u0027_TrailerList\u0027 to match the regular expression: \u0027^(s_|_)?[a-z][a-z0-9]*([A-Z]{1,3}[a-z0-9]\u002B)*([A-Z]{2})?$\u0027.",
      "Uri": "https://github.com/SonarSource/sonar-dotnet/blob/master/analyzers/its/Projects/Ember-MM/Addons/scraper.EmberCore/Scraper/clsScrapeTrailers.vb#L38",
      "Location": "Line 38 Position 13-25"
    },
    {
      "Id": "S2364",
      "Message": "Rename \u0027_Description\u0027 to match the regular expression: \u0027^(s_|_)?[a-z][a-z0-9]*([A-Z]{1,3}[a-z0-9]\u002B)*([A-Z]{2})?$\u0027.",
      "Uri": "https://github.com/SonarSource/sonar-dotnet/blob/master/analyzers/its/Projects/Ember-MM/Addons/scraper.EmberCore/Scraper/clsScrapeYouTube.vb#L284",
      "Location": "Line 284 Position 17-29"
    },
    {
      "Id": "S2364",
      "Message": "Rename \u0027_FormatQuality\u0027 to match the regular expression: \u0027^(s_|_)?[a-z][a-z0-9]*([A-Z]{1,3}[a-z0-9]\u002B)*([A-Z]{2})?$\u0027.",
      "Uri": "https://github.com/SonarSource/sonar-dotnet/blob/master/analyzers/its/Projects/Ember-MM/Addons/scraper.EmberCore/Scraper/clsScrapeYouTube.vb#L285",
      "Location": "Line 285 Position 17-31"
    },
    {
      "Id": "S2364",
      "Message": "Rename \u0027_URL\u0027 to match the regular expression: \u0027^(s_|_)?[a-z][a-z0-9]*([A-Z]{1,3}[a-z0-9]\u002B)*([A-Z]{2})?$\u0027.",
      "Uri": "https://github.com/SonarSource/sonar-dotnet/blob/master/analyzers/its/Projects/Ember-MM/Addons/scraper.EmberCore/Scraper/clsScrapeYouTube.vb#L286",
      "Location": "Line 286 Position 17-21"
    },
    {
      "Id": "S2364",
      "Message": "Rename \u0027_VideoLinks\u0027 to match the regular expression: \u0027^(s_|_)?[a-z][a-z0-9]*([A-Z]{1,3}[a-z0-9]\u002B)*([A-Z]{2})?$\u0027.",
      "Uri": "https://github.com/SonarSource/sonar-dotnet/blob/master/analyzers/its/Projects/Ember-MM/Addons/scraper.EmberCore/Scraper/clsScrapeYouTube.vb#L32",
      "Location": "Line 32 Position 17-28"
    },
    {
      "Id": "S2364",
      "Message": "Rename \u0027IMDB\u0027 to match the regular expression: \u0027^(s_|_)?[a-z][a-z0-9]*([A-Z]{1,3}[a-z0-9]\u002B)*([A-Z]{2})?$\u0027.",
      "Uri": "https://github.com/SonarSource/sonar-dotnet/blob/master/analyzers/its/Projects/Ember-MM/Addons/scraper.EmberCore/Scraper/dlgIMDBSearchResults.vb#L34",
      "Location": "Line 34 Position 13-17"
    },
    {
      "Id": "S2364",
      "Message": "Rename \u0027sHTTP\u0027 to match the regular expression: \u0027^(s_|_)?[a-z][a-z0-9]*([A-Z]{1,3}[a-z0-9]\u002B)*([A-Z]{2})?$\u0027.",
      "Uri": "https://github.com/SonarSource/sonar-dotnet/blob/master/analyzers/its/Projects/Ember-MM/Addons/scraper.EmberCore/Scraper/dlgIMDBSearchResults.vb#L35",
      "Location": "Line 35 Position 13-18"
    },
    {
      "Id": "S2364",
      "Message": "Rename \u0027UseOFDBGenre\u0027 to match the regular expression: \u0027^(s_|_)?[a-z][a-z0-9]*([A-Z]{1,3}[a-z0-9]\u002B)*([A-Z]{2})?$\u0027.",
      "Uri": "https://github.com/SonarSource/sonar-dotnet/blob/master/analyzers/its/Projects/Ember-MM/Addons/scraper.EmberCore/Scraper/dlgIMDBSearchResults.vb#L36",
      "Location": "Line 36 Position 9-21"
    },
    {
      "Id": "S2364",
      "Message": "Rename \u0027UseOFDBOutline\u0027 to match the regular expression: \u0027^(s_|_)?[a-z][a-z0-9]*([A-Z]{1,3}[a-z0-9]\u002B)*([A-Z]{2})?$\u0027.",
      "Uri": "https://github.com/SonarSource/sonar-dotnet/blob/master/analyzers/its/Projects/Ember-MM/Addons/scraper.EmberCore/Scraper/dlgIMDBSearchResults.vb#L37",
      "Location": "Line 37 Position 9-23"
    },
    {
      "Id": "S2364",
      "Message": "Rename \u0027UseOFDBPlot\u0027 to match the regular expression: \u0027^(s_|_)?[a-z][a-z0-9]*([A-Z]{1,3}[a-z0-9]\u002B)*([A-Z]{2})?$\u0027.",
      "Uri": "https://github.com/SonarSource/sonar-dotnet/blob/master/analyzers/its/Projects/Ember-MM/Addons/scraper.EmberCore/Scraper/dlgIMDBSearchResults.vb#L38",
      "Location": "Line 38 Position 9-20"
    },
    {
      "Id": "S2364",
      "Message": "Rename \u0027UseOFDBTitle\u0027 to match the regular expression: \u0027^(s_|_)?[a-z][a-z0-9]*([A-Z]{1,3}[a-z0-9]\u002B)*([A-Z]{2})?$\u0027.",
      "Uri": "https://github.com/SonarSource/sonar-dotnet/blob/master/analyzers/its/Projects/Ember-MM/Addons/scraper.EmberCore/Scraper/dlgIMDBSearchResults.vb#L39",
      "Location": "Line 39 Position 9-21"
    },
    {
      "Id": "S2364",
      "Message": "Rename \u0027_InfoCache\u0027 to match the regular expression: \u0027^(s_|_)?[a-z][a-z0-9]*([A-Z]{1,3}[a-z0-9]\u002B)*([A-Z]{2})?$\u0027.",
      "Uri": "https://github.com/SonarSource/sonar-dotnet/blob/master/analyzers/its/Projects/Ember-MM/Addons/scraper.EmberCore/Scraper/dlgIMDBSearchResults.vb#L43",
      "Location": "Line 43 Position 13-23"
    },
    {
      "Id": "S2364",
      "Message": "Rename \u0027_PosterCache\u0027 to match the regular expression: \u0027^(s_|_)?[a-z][a-z0-9]*([A-Z]{1,3}[a-z0-9]\u002B)*([A-Z]{2})?$\u0027.",
      "Uri": "https://github.com/SonarSource/sonar-dotnet/blob/master/analyzers/its/Projects/Ember-MM/Addons/scraper.EmberCore/Scraper/dlgIMDBSearchResults.vb#L44",
      "Location": "Line 44 Position 13-25"
    },
    {
      "Id": "S2364",
      "Message": "Rename \u0027CachePath\u0027 to match the regular expression: \u0027^(s_|_)?[a-z][a-z0-9]*([A-Z]{1,3}[a-z0-9]\u002B)*([A-Z]{2})?$\u0027.",
      "Uri": "https://github.com/SonarSource/sonar-dotnet/blob/master/analyzers/its/Projects/Ember-MM/Addons/scraper.EmberCore/Scraper/dlgImgSelect.vb#L37",
      "Location": "Line 37 Position 13-22"
    },
    {
      "Id": "S2364",
      "Message": "Rename \u0027DLType\u0027 to match the regular expression: \u0027^(s_|_)?[a-z][a-z0-9]*([A-Z]{1,3}[a-z0-9]\u002B)*([A-Z]{2})?$\u0027.",
      "Uri": "https://github.com/SonarSource/sonar-dotnet/blob/master/analyzers/its/Projects/Ember-MM/Addons/scraper.EmberCore/Scraper/dlgImgSelect.vb#L39",
      "Location": "Line 39 Position 13-19"
    },
    {
      "Id": "S2364",
      "Message": "Rename \u0027ETHashes\u0027 to match the regular expression: \u0027^(s_|_)?[a-z][a-z0-9]*([A-Z]{1,3}[a-z0-9]\u002B)*([A-Z]{2})?$\u0027.",
      "Uri": "https://github.com/SonarSource/sonar-dotnet/blob/master/analyzers/its/Projects/Ember-MM/Addons/scraper.EmberCore/Scraper/dlgImgSelect.vb#L40",
      "Location": "Line 40 Position 13-21"
    },
    {
      "Id": "S2364",
      "Message": "Rename \u0027IMPA\u0027 to match the regular expression: \u0027^(s_|_)?[a-z][a-z0-9]*([A-Z]{1,3}[a-z0-9]\u002B)*([A-Z]{2})?$\u0027.",
      "Uri": "https://github.com/SonarSource/sonar-dotnet/blob/master/analyzers/its/Projects/Ember-MM/Addons/scraper.EmberCore/Scraper/dlgImgSelect.vb#L43",
      "Location": "Line 43 Position 13-17"
    },
    {
      "Id": "S2364",
      "Message": "Rename \u0027IMPAPosters\u0027 to match the regular expression: \u0027^(s_|_)?[a-z][a-z0-9]*([A-Z]{1,3}[a-z0-9]\u002B)*([A-Z]{2})?$\u0027.",
      "Uri": "https://github.com/SonarSource/sonar-dotnet/blob/master/analyzers/its/Projects/Ember-MM/Addons/scraper.EmberCore/Scraper/dlgImgSelect.vb#L44",
      "Location": "Line 44 Position 13-24"
    },
    {
      "Id": "S2364",
      "Message": "Rename \u0027MPDB\u0027 to match the regular expression: \u0027^(s_|_)?[a-z][a-z0-9]*([A-Z]{1,3}[a-z0-9]\u002B)*([A-Z]{2})?$\u0027.",
      "Uri": "https://github.com/SonarSource/sonar-dotnet/blob/master/analyzers/its/Projects/Ember-MM/Addons/scraper.EmberCore/Scraper/dlgImgSelect.vb#L49",
      "Location": "Line 49 Position 13-17"
    },
    {
      "Id": "S2364",
      "Message": "Rename \u0027MPDBPosters\u0027 to match the regular expression: \u0027^(s_|_)?[a-z][a-z0-9]*([A-Z]{1,3}[a-z0-9]\u002B)*([A-Z]{2})?$\u0027.",
      "Uri": "https://github.com/SonarSource/sonar-dotnet/blob/master/analyzers/its/Projects/Ember-MM/Addons/scraper.EmberCore/Scraper/dlgImgSelect.vb#L50",
      "Location": "Line 50 Position 13-24"
    },
    {
      "Id": "S2364",
      "Message": "Rename \u0027PreDL\u0027 to match the regular expression: \u0027^(s_|_)?[a-z][a-z0-9]*([A-Z]{1,3}[a-z0-9]\u002B)*([A-Z]{2})?$\u0027.",
      "Uri": "https://github.com/SonarSource/sonar-dotnet/blob/master/analyzers/its/Projects/Ember-MM/Addons/scraper.EmberCore/Scraper/dlgImgSelect.vb#L54",
      "Location": "Line 54 Position 13-18"
    },
    {
      "Id": "S2364",
      "Message": "Rename \u0027Results\u0027 to match the regular expression: \u0027^(s_|_)?[a-z][a-z0-9]*([A-Z]{1,3}[a-z0-9]\u002B)*([A-Z]{2})?$\u0027.",
      "Uri": "https://github.com/SonarSource/sonar-dotnet/blob/master/analyzers/its/Projects/Ember-MM/Addons/scraper.EmberCore/Scraper/dlgImgSelect.vb#L55",
      "Location": "Line 55 Position 13-20"
    },
    {
      "Id": "S2364",
      "Message": "Rename \u0027TMDB\u0027 to match the regular expression: \u0027^(s_|_)?[a-z][a-z0-9]*([A-Z]{1,3}[a-z0-9]\u002B)*([A-Z]{2})?$\u0027.",
      "Uri": "https://github.com/SonarSource/sonar-dotnet/blob/master/analyzers/its/Projects/Ember-MM/Addons/scraper.EmberCore/Scraper/dlgImgSelect.vb#L57",
      "Location": "Line 57 Position 13-17"
    },
    {
      "Id": "S2364",
      "Message": "Rename \u0027TMDBPosters\u0027 to match the regular expression: \u0027^(s_|_)?[a-z][a-z0-9]*([A-Z]{1,3}[a-z0-9]\u002B)*([A-Z]{2})?$\u0027.",
      "Uri": "https://github.com/SonarSource/sonar-dotnet/blob/master/analyzers/its/Projects/Ember-MM/Addons/scraper.EmberCore/Scraper/dlgImgSelect.vb#L58",
      "Location": "Line 58 Position 13-24"
    },
    {
      "Id": "S2364",
      "Message": "Rename \u0027selURL\u0027 to match the regular expression: \u0027^(s_|_)?[a-z][a-z0-9]*([A-Z]{1,3}[a-z0-9]\u002B)*([A-Z]{2})?$\u0027.",
      "Uri": "https://github.com/SonarSource/sonar-dotnet/blob/master/analyzers/its/Projects/Ember-MM/Addons/scraper.EmberCore/Scraper/dlgImgSelect.vb#L64",
      "Location": "Line 64 Position 10-16"
    },
    {
      "Id": "S2364",
      "Message": "Rename \u0027tURL\u0027 to match the regular expression: \u0027^(s_|_)?[a-z][a-z0-9]*([A-Z]{1,3}[a-z0-9]\u002B)*([A-Z]{2})?$\u0027.",
      "Uri": "https://github.com/SonarSource/sonar-dotnet/blob/master/analyzers/its/Projects/Ember-MM/Addons/scraper.EmberCore/Scraper/dlgTrailer.vb#L39",
      "Location": "Line 39 Position 13-17"
    },
    {
      "Id": "S2364",
      "Message": "Rename \u0027IMDB\u0027 to match the regular expression: \u0027^(s_|_)?[a-z][a-z0-9]*([A-Z]{1,3}[a-z0-9]\u002B)*([A-Z]{2})?$\u0027.",
      "Uri": "https://github.com/SonarSource/sonar-dotnet/blob/master/analyzers/its/Projects/Ember-MM/Addons/scraper.EmberCore/scraperMovieNativeModule.vb#L45",
      "Location": "Line 45 Position 13-17"
    },
    {
      "Id": "S2364",
      "Message": "Rename \u0027MySettings\u0027 to match the regular expression: \u0027^(s_|_)?[a-z][a-z0-9]*([A-Z]{1,3}[a-z0-9]\u002B)*([A-Z]{2})?$\u0027.",
      "Uri": "https://github.com/SonarSource/sonar-dotnet/blob/master/analyzers/its/Projects/Ember-MM/Addons/scraper.EmberCore/scraperMovieNativeModule.vb#L46",
      "Location": "Line 46 Position 13-23"
    },
    {
      "Id": "S2364",
      "Message": "Rename \u0027_Name\u0027 to match the regular expression: \u0027^(s_|_)?[a-z][a-z0-9]*([A-Z]{1,3}[a-z0-9]\u002B)*([A-Z]{2})?$\u0027.",
      "Uri": "https://github.com/SonarSource/sonar-dotnet/blob/master/analyzers/its/Projects/Ember-MM/Addons/scraper.EmberCore/scraperMovieNativeModule.vb#L47",
      "Location": "Line 47 Position 13-18"
    },
    {
      "Id": "S2364",
      "Message": "Rename \u0027_PostScraperEnabled\u0027 to match the regular expression: \u0027^(s_|_)?[a-z][a-z0-9]*([A-Z]{1,3}[a-z0-9]\u002B)*([A-Z]{2})?$\u0027.",
      "Uri": "https://github.com/SonarSource/sonar-dotnet/blob/master/analyzers/its/Projects/Ember-MM/Addons/scraper.EmberCore/scraperMovieNativeModule.vb#L48",
      "Location": "Line 48 Position 13-32"
    },
    {
      "Id": "S2364",
      "Message": "Rename \u0027_ScraperEnabled\u0027 to match the regular expression: \u0027^(s_|_)?[a-z][a-z0-9]*([A-Z]{1,3}[a-z0-9]\u002B)*([A-Z]{2})?$\u0027.",
      "Uri": "https://github.com/SonarSource/sonar-dotnet/blob/master/analyzers/its/Projects/Ember-MM/Addons/scraper.EmberCore/scraperMovieNativeModule.vb#L49",
      "Location": "Line 49 Position 13-28"
    },
    {
      "Id": "S2364",
      "Message": "Rename \u0027_Name\u0027 to match the regular expression: \u0027^(s_|_)?[a-z][a-z0-9]*([A-Z]{1,3}[a-z0-9]\u002B)*([A-Z]{2})?$\u0027.",
      "Uri": "https://github.com/SonarSource/sonar-dotnet/blob/master/analyzers/its/Projects/Ember-MM/Addons/scraper.EmberCore/scraperTVNativeModule.vb#L35",
      "Location": "Line 35 Position 13-18"
    },
    {
      "Id": "S2364",
      "Message": "Rename \u0027_PostScraperEnabled\u0027 to match the regular expression: \u0027^(s_|_)?[a-z][a-z0-9]*([A-Z]{1,3}[a-z0-9]\u002B)*([A-Z]{2})?$\u0027.",
      "Uri": "https://github.com/SonarSource/sonar-dotnet/blob/master/analyzers/its/Projects/Ember-MM/Addons/scraper.EmberCore/scraperTVNativeModule.vb#L36",
      "Location": "Line 36 Position 13-32"
    },
    {
      "Id": "S2364",
      "Message": "Rename \u0027_ScraperEnabled\u0027 to match the regular expression: \u0027^(s_|_)?[a-z][a-z0-9]*([A-Z]{1,3}[a-z0-9]\u002B)*([A-Z]{2})?$\u0027.",
      "Uri": "https://github.com/SonarSource/sonar-dotnet/blob/master/analyzers/its/Projects/Ember-MM/Addons/scraper.EmberCore/scraperTVNativeModule.vb#L37",
      "Location": "Line 37 Position 13-28"
    },
    {
      "Id": "S2364",
      "Message": "Rename \u0027aXML\u0027 to match the regular expression: \u0027^(s_|_)?[a-z][a-z0-9]*([A-Z]{1,3}[a-z0-9]\u002B)*([A-Z]{2})?$\u0027.",
      "Uri": "https://github.com/SonarSource/sonar-dotnet/blob/master/analyzers/its/Projects/Ember-MM/Addons/scraper.EmberCore/TVScraper/clsScrapeTVDB.vb#L169",
      "Location": "Line 169 Position 17-21"
    },
    {
      "Id": "S2364",
      "Message": "Rename \u0027bXML\u0027 to match the regular expression: \u0027^(s_|_)?[a-z][a-z0-9]*([A-Z]{1,3}[a-z0-9]\u002B)*([A-Z]{2})?$\u0027.",
      "Uri": "https://github.com/SonarSource/sonar-dotnet/blob/master/analyzers/its/Projects/Ember-MM/Addons/scraper.EmberCore/TVScraper/clsScrapeTVDB.vb#L170",
      "Location": "Line 170 Position 17-21"
    },
    {
      "Id": "S2364",
      "Message": "Rename \u0027sXML\u0027 to match the regular expression: \u0027^(s_|_)?[a-z][a-z0-9]*([A-Z]{1,3}[a-z0-9]\u002B)*([A-Z]{2})?$\u0027.",
      "Uri": "https://github.com/SonarSource/sonar-dotnet/blob/master/analyzers/its/Projects/Ember-MM/Addons/scraper.EmberCore/TVScraper/clsScrapeTVDB.vb#L171",
      "Location": "Line 171 Position 17-21"
    },
    {
      "Id": "S2364",
      "Message": "Rename \u0027sHTTP\u0027 to match the regular expression: \u0027^(s_|_)?[a-z][a-z0-9]*([A-Z]{1,3}[a-z0-9]\u002B)*([A-Z]{2})?$\u0027.",
      "Uri": "https://github.com/SonarSource/sonar-dotnet/blob/master/analyzers/its/Projects/Ember-MM/Addons/scraper.EmberCore/TVScraper/dlgTVDBSearchResults.vb#L30",
      "Location": "Line 30 Position 13-18"
    },
    {
      "Id": "S2364",
      "Message": "Rename \u0027DefaultImages\u0027 to match the regular expression: \u0027^(s_|_)?[a-z][a-z0-9]*([A-Z]{1,3}[a-z0-9]\u002B)*([A-Z]{2})?$\u0027.",
      "Uri": "https://github.com/SonarSource/sonar-dotnet/blob/master/analyzers/its/Projects/Ember-MM/Addons/scraper.EmberCore/TVScraper/dlgTVImageSelect.vb#L36",
      "Location": "Line 36 Position 13-26"
    },
    {
      "Id": "S2364",
      "Message": "Rename \u0027FanartList\u0027 to match the regular expression: \u0027^(s_|_)?[a-z][a-z0-9]*([A-Z]{1,3}[a-z0-9]\u002B)*([A-Z]{2})?$\u0027.",
      "Uri": "https://github.com/SonarSource/sonar-dotnet/blob/master/analyzers/its/Projects/Ember-MM/Addons/scraper.EmberCore/TVScraper/dlgTVImageSelect.vb#L37",
      "Location": "Line 37 Position 13-23"
    },
    {
      "Id": "S2364",
      "Message": "Rename \u0027GenericPosterList\u0027 to match the regular expression: \u0027^(s_|_)?[a-z][a-z0-9]*([A-Z]{1,3}[a-z0-9]\u002B)*([A-Z]{2})?$\u0027.",
      "Uri": "https://github.com/SonarSource/sonar-dotnet/blob/master/analyzers/its/Projects/Ember-MM/Addons/scraper.EmberCore/TVScraper/dlgTVImageSelect.vb#L38",
      "Location": "Line 38 Position 13-30"
    },
    {
      "Id": "S2364",
      "Message": "Rename \u0027SeasonList\u0027 to match the regular expression: \u0027^(s_|_)?[a-z][a-z0-9]*([A-Z]{1,3}[a-z0-9]\u002B)*([A-Z]{2})?$\u0027.",
      "Uri": "https://github.com/SonarSource/sonar-dotnet/blob/master/analyzers/its/Projects/Ember-MM/Addons/scraper.EmberCore/TVScraper/dlgTVImageSelect.vb#L45",
      "Location": "Line 45 Position 13-23"
    },
    {
      "Id": "S2364",
      "Message": "Rename \u0027SelIsPoster\u0027 to match the regular expression: \u0027^(s_|_)?[a-z][a-z0-9]*([A-Z]{1,3}[a-z0-9]\u002B)*([A-Z]{2})?$\u0027.",
      "Uri": "https://github.com/SonarSource/sonar-dotnet/blob/master/analyzers/its/Projects/Ember-MM/Addons/scraper.EmberCore/TVScraper/dlgTVImageSelect.vb#L46",
      "Location": "Line 46 Position 13-24"
    },
    {
      "Id": "S2364",
      "Message": "Rename \u0027SelSeason\u0027 to match the regular expression: \u0027^(s_|_)?[a-z][a-z0-9]*([A-Z]{1,3}[a-z0-9]\u002B)*([A-Z]{2})?$\u0027.",
      "Uri": "https://github.com/SonarSource/sonar-dotnet/blob/master/analyzers/its/Projects/Ember-MM/Addons/scraper.EmberCore/TVScraper/dlgTVImageSelect.vb#L47",
      "Location": "Line 47 Position 13-22"
    },
    {
      "Id": "S2364",
      "Message": "Rename \u0027ShowPosterList\u0027 to match the regular expression: \u0027^(s_|_)?[a-z][a-z0-9]*([A-Z]{1,3}[a-z0-9]\u002B)*([A-Z]{2})?$\u0027.",
      "Uri": "https://github.com/SonarSource/sonar-dotnet/blob/master/analyzers/its/Projects/Ember-MM/Addons/scraper.EmberCore/TVScraper/dlgTVImageSelect.vb#L48",
      "Location": "Line 48 Position 13-27"
    },
    {
      "Id": "S2364",
      "Message": "Rename \u0027_ScrapeType\u0027 to match the regular expression: \u0027^(s_|_)?[a-z][a-z0-9]*([A-Z]{1,3}[a-z0-9]\u002B)*([A-Z]{2})?$\u0027.",
      "Uri": "https://github.com/SonarSource/sonar-dotnet/blob/master/analyzers/its/Projects/Ember-MM/Addons/scraper.EmberCore/TVScraper/dlgTVImageSelect.vb#L54",
      "Location": "Line 54 Position 13-24"
    }
  ]
}