{
  "Issues": [
    {
      "Id": "S2369",
      "Message": "Rename \u0027listOfLanguages\u0027 to match the regular expression: \u0027^([A-Z]{1,3}[a-z0-9]\u002B)*([A-Z]{2})?$\u0027.",
      "Uri": "https://github.com/SonarSource/sonar-dotnet/blob/master/analyzers/its/Projects/Ember-MM/Addons/multi.EmberExtras/frmGenresEditor.vb#L244",
      "Location": "Line 244 Position 16-31"
    },
    {
      "Id": "S2369",
      "Message": "Rename \u0027listOfGenres\u0027 to match the regular expression: \u0027^([A-Z]{1,3}[a-z0-9]\u002B)*([A-Z]{2})?$\u0027.",
      "Uri": "https://github.com/SonarSource/sonar-dotnet/blob/master/analyzers/its/Projects/Ember-MM/Addons/multi.EmberExtras/frmGenresEditor.vb#L246",
      "Location": "Line 246 Position 16-28"
    },
    {
      "Id": "S2369",
      "Message": "Rename \u0027defaulticon\u0027 to match the regular expression: \u0027^([A-Z]{1,3}[a-z0-9]\u002B)*([A-Z]{2})?$\u0027.",
      "Uri": "https://github.com/SonarSource/sonar-dotnet/blob/master/analyzers/its/Projects/Ember-MM/Addons/multi.EmberExtras/frmGenresEditor.vb#L248",
      "Location": "Line 248 Position 16-27"
    },
    {
      "Id": "S2369",
      "Message": "Rename \u0027icon\u0027 to match the regular expression: \u0027^([A-Z]{1,3}[a-z0-9]\u002B)*([A-Z]{2})?$\u0027.",
      "Uri": "https://github.com/SonarSource/sonar-dotnet/blob/master/analyzers/its/Projects/Ember-MM/Addons/multi.EmberExtras/frmGenresEditor.vb#L281",
      "Location": "Line 281 Position 16-20"
    },
    {
      "Id": "S2369",
      "Message": "Rename \u0027searchstring\u0027 to match the regular expression: \u0027^([A-Z]{1,3}[a-z0-9]\u002B)*([A-Z]{2})?$\u0027.",
      "Uri": "https://github.com/SonarSource/sonar-dotnet/blob/master/analyzers/its/Projects/Ember-MM/Addons/multi.EmberExtras/frmGenresEditor.vb#L287",
      "Location": "Line 287 Position 16-28"
    },
    {
      "Id": "S2369",
      "Message": "Rename \u0027language\u0027 to match the regular expression: \u0027^([A-Z]{1,3}[a-z0-9]\u002B)*([A-Z]{2})?$\u0027.",
      "Uri": "https://github.com/SonarSource/sonar-dotnet/blob/master/analyzers/its/Projects/Ember-MM/Addons/multi.EmberExtras/frmGenresEditor.vb#L289",
      "Location": "Line 289 Position 16-24"
    },
    {
      "Id": "S2369",
      "Message": "Rename \u0027icon\u0027 to match the regular expression: \u0027^([A-Z]{1,3}[a-z0-9]\u002B)*([A-Z]{2})?$\u0027.",
      "Uri": "https://github.com/SonarSource/sonar-dotnet/blob/master/analyzers/its/Projects/Ember-MM/Addons/multi.EmberExtras/frmGenresEditor.vb#L292",
      "Location": "Line 292 Position 16-20"
    }
  ]
}