{
  "Issues": [
    {
      "Id": "S3884",
      "Message": "Refactor the code to remove this use of \u0027CoSetProxyBlanket\u0027.",
      "Uri": "https://github.com/SonarSource/sonar-dotnet/blob/master/analyzers/its/Projects/ManuallyAddedNoncompliantIssues.VB/IntentionalFindings/S3884.vb#L56",
      "Location": "Line 56 Position 32-49"
    },
    {
      "Id": "S3884",
      "Message": "Refactor the code to remove this use of \u0027CoInitializeSecurity\u0027.",
      "Uri": "https://github.com/SonarSource/sonar-dotnet/blob/master/analyzers/its/Projects/ManuallyAddedNoncompliantIssues.VB/IntentionalFindings/S3884.vb#L58",
      "Location": "Line 58 Position 32-52"
    }
  ]
}